Microchip MPLAB XC8 Compiler V2.41

Linker command line:

-W-3 \
  --edf=C:/Program Files/Microchip/MPLABX/v6.10/packs/Microchip/PIC16Fxxx_DFP/1.4.149/xc8\pic\dat\20230322214319_en.msgs \
  -cn -h+dist/default/production\lab2.X.production.sym \
  --cmf=dist/default/production\lab2.X.production.cmf -z -Q16F887 \
  -oC:\Users\rodri\AppData\Local\Temp\xcAsf24.\driver_tmp_3.o \
  --defsym=__MPLAB_BUILD=1 --fixupoverflow=error \
  -Mdist/default/production/lab2.X.production.map \
  --md=C:\Users\rodri\AppData\Local\Temp\xcAsf24.\driver_tmp_0.dat -E1 \
  -ver=XC8 Compiler --acfsm=1493 -ACODE=00h-07FFhx4 -ASTRCODE=00h-01FFFh \
  -ASTRING=00h-0FFhx32 -ACONST=00h-0FFhx32 -AENTRY=00h-0FFhx32 \
  -ACOMMON=070h-07Fh -ABANK0=020h-06Fh -ABANK1=0A0h-0EFh \
  -ABANK2=0110h-016Fh -ABANK3=0190h-01EFh \
  -ARAM=020h-06Fh,0A0h-0EFh,0110h-016Fh,0190h-01EFh \
  -AABS1=020h-07Fh,0A0h-0EFh,0110h-016Fh,0190h-01EFh -ASFR0=00h-01Fh \
  -ASFR1=080h-09Fh -ASFR2=0100h-010Fh -ASFR3=0180h-018Fh \
  -ACONFIG=02007h-02008h -DCONFIG=2 -AIDLOC=02000h-02003h -DIDLOC=2 \
  -AEEDATA=00h-0FFh/02100h -peeprom_data=EEDATA -DEEDATA=2 -DCODE=2 \
  -DSTRCODE=2 -DSTRING=2 -DCONST=2 -DENTRY=2 \
  -preset_vec=00h,intentry=04h,init,end_init -ppowerup=CODE -pcinit=CODE \
  -pfunctab=ENTRY -k \
  C:\Users\rodri\AppData\Local\Temp\xcAsf24.\driver_tmp_17.o \
  dist/default/production\lab2.X.production.o 

Object code version is 3.11

Machine type is 16F887



                Name                               Link     Load   Length Selector   Space Scale
C:\Users\rodri\AppData\Local\Temp\xcAsf24.\driver_tmp_17.o
                end_init                              C        C        3        8       0
                reset_vec                             0        0        3        0       0
                config                             2007     2007        2        0       4
dist/default/production\lab2.X.production.o
                cinit                                 F        F       1C        8       0
                intentry                              4        4        8        8       0
                config                             2007     2007        2        0       4
                text32                             1A22     1A22       16     3444       0
                text31                             1A02     1A02        6     3404       0
                text30                             1A4E     1A4E       1A     349C       0
                text29                             1CB7     1CB7       65     396E       0
                text28                             1A68     1A68       1E     34D0       0
                text27                             1A38     1A38       16     3470       0
                text26                             1ADA     1ADA       46     35B4       0
                text25                             1001     1001       1C     2002       0
                text24                             11CC     11CC      1CF     2398       0
                text23                             1A86     1A86       29     350C       0
                text22                              958      958      345     12B0       0
                text21                             15A8     15A8      258     2B50       0
                text20                             1B66     1B66       50     36CC       0
                text19                             10D7     10D7       F5     21AE       0
                text18                             1BB6     1BB6       50     376C       0
                text17                             1DED     1DED       A4     3BDA       0
                text16                              7F2      7F2        B        8       0
                text15                              77A      77A       78        8       0
                text14                             1D1C     1D1C       68     3A38       0
                text13                             1C06     1C06       56     380C       0
                text12                             1AAF     1AAF       2B     355E       0
                text11                             101D     101D       BA     203A       0
                text10                             1F48     1F48       B8     3E90       0
                text9                              1E91     1E91       B7     3D22       0
                text8                              1B20     1B20       46     3640       0
                text7                               803      803       3A     1006       0
                text6                              139B     139B      20D     2736       0
                text5                              1A10     1A10       12     3420       0
                text4                              1D84     1D84       69     3B08       0
                text3                              1C5C     1C5C       5B     38B8       0
                text2                               C9D      C9D      363     193A       0
                text1                                2B       2B      74F        8       0
                maintext                            83D      83D      11B     107A       0
                cstackBANK0                          20       20       4C       20       1
                cstackCOMMON                         70       70        8       70       1
                cstackBANK1                          A0       A0       3E       A0       1
                clrtext                            1A08     1A08        8     3410       0
                bssBANK3                            190      190       14      190       1
                bssBANK1                             DE       DE        C       A0       1
                bssBANK0                             6C       6C        1       20       1
                bssCOMMON                            78       78        3       70       1
                strings                            1800     1800       B6     3000       0

TOTAL           Name                               Link     Load   Length     Space
        CLASS   CODE           
                end_init                              C        C        3         0
                cinit                                 F        F       1C         0
                intentry                              4        4        8         0
                reset_vec                             0        0        3         0
                text32                             1A22     1A22       16         0
                text31                             1A02     1A02        6         0
                text30                             1A4E     1A4E       1A         0
                text29                             1CB7     1CB7       65         0
                text28                             1A68     1A68       1E         0
                text27                             1A38     1A38       16         0
                text26                             1ADA     1ADA       46         0
                text25                             1001     1001       1C         0
                text24                             11CC     11CC      1CF         0
                text23                             1A86     1A86       29         0
                text22                              958      958      345         0
                text21                             15A8     15A8      258         0
                text20                             1B66     1B66       50         0
                text19                             10D7     10D7       F5         0
                text18                             1BB6     1BB6       50         0
                text17                             1DED     1DED       A4         0
                text16                              7F2      7F2        B         0
                text15                              77A      77A       78         0
                text14                             1D1C     1D1C       68         0
                text13                             1C06     1C06       56         0
                text12                             1AAF     1AAF       2B         0
                text11                             101D     101D       BA         0
                text10                             1F48     1F48       B8         0
                text9                              1E91     1E91       B7         0
                text8                              1B20     1B20       46         0
                text7                               803      803       3A         0
                text6                              139B     139B      20D         0
                text5                              1A10     1A10       12         0
                text4                              1D84     1D84       69         0
                text3                              1C5C     1C5C       5B         0
                text2                               C9D      C9D      363         0
                text1                                2B       2B      74F         0
                maintext                            83D      83D      11B         0
                clrtext                            1A08     1A08        8         0

        CLASS   STRCODE        

        CLASS   STRING         
                strings                            1800     1800       B6         0

        CLASS   CONST          

        CLASS   ENTRY          

        CLASS   COMMON         
                cstackCOMMON                         70       70        8         1
                bssCOMMON                            78       78        3         1

        CLASS   BANK0          
                cstackBANK0                          20       20       4C         1
                bssBANK0                             6C       6C        1         1

        CLASS   BANK1          
                cstackBANK1                          A0       A0       3E         1
                bssBANK1                             DE       DE        C         1

        CLASS   BANK2          

        CLASS   BANK3          
                bssBANK3                            190      190       14         1

        CLASS   RAM            

        CLASS   ABS1           
                abs_s1                               7E       7E        2         1

        CLASS   SFR0           

        CLASS   SFR1           

        CLASS   SFR2           

        CLASS   SFR3           

        CLASS   CONFIG         
                config                             2007     2007        2         4

        CLASS   IDLOC          

        CLASS   EEDATA         

        CLASS   STACK          



SEGMENTS        Name                           Load    Length   Top    Selector   Space  Class     Delta

                reset_vec                      000000  000003  000003         0       0  CODE        2
                intentry                       000004  0007F9  0007FD         8       0  CODE        2
                cstackBANK0                    000020  00004D  00006D        20       1  BANK0       1
                cstackCOMMON                   000070  00000B  00007B        70       1  COMMON      1
                cstackBANK1                    0000A0  00004A  0000EA        A0       1  BANK1       1
                bssBANK3                       000190  000014  0001A4       190       1  BANK3       1
                text7                          000803  00003A  00083D      1006       0  CODE        2
                maintext                       00083D  00011B  000958      107A       0  CODE        2
                text22                         000958  000345  000C9D      12B0       0  CODE        2
                text2                          000C9D  000363  001000      193A       0  CODE        2
                text25                         001001  00001C  00101D      2002       0  CODE        2
                text11                         00101D  0000BA  0010D7      203A       0  CODE        2
                text19                         0010D7  0000F5  0011CC      21AE       0  CODE        2
                text24                         0011CC  0001CF  00139B      2398       0  CODE        2
                text6                          00139B  00020D  0015A8      2736       0  CODE        2
                text21                         0015A8  000258  001800      2B50       0  CODE        2
                strings                        001800  0000B6  0018B6      3000       0  STRING      2
                text31                         001A02  000006  001A08      3404       0  CODE        2
                clrtext                        001A08  000008  001A10      3410       0  CODE        2
                text5                          001A10  000012  001A22      3420       0  CODE        2
                text32                         001A22  000016  001A38      3444       0  CODE        2
                text27                         001A38  000016  001A4E      3470       0  CODE        2
                text30                         001A4E  00001A  001A68      349C       0  CODE        2
                text28                         001A68  00001E  001A86      34D0       0  CODE        2
                text23                         001A86  000029  001AAF      350C       0  CODE        2
                text12                         001AAF  00002B  001ADA      355E       0  CODE        2
                text26                         001ADA  000046  001B20      35B4       0  CODE        2
                text8                          001B20  000046  001B66      3640       0  CODE        2
                text20                         001B66  000050  001BB6      36CC       0  CODE        2
                text18                         001BB6  000050  001C06      376C       0  CODE        2
                text13                         001C06  000056  001C5C      380C       0  CODE        2
                text3                          001C5C  00005B  001CB7      38B8       0  CODE        2
                text29                         001CB7  000065  001D1C      396E       0  CODE        2
                text14                         001D1C  000068  001D84      3A38       0  CODE        2
                text4                          001D84  000069  001DED      3B08       0  CODE        2
                text17                         001DED  0000A4  001E91      3BDA       0  CODE        2
                text9                          001E91  0000B7  001F48      3D22       0  CODE        2
                text10                         001F48  0000B8  002000      3E90       0  CODE        2


UNUSED ADDRESS RANGES

        Name                Unused          Largest block    Delta
        BANK0            006D-006F              3           1
        BANK1            00EA-00EF              6           1
        BANK2            0110-016F             60           1
        BANK3            01A4-01EF             4C           1
        CODE             0003-0003              1           2
                         07FD-0802              3
                         1000-1000              1
                         18B6-1A01            14C
        COMMON           007B-007D              3           1
        CONST            0003-0003              1           2
                         07FD-0802              3
                         1000-1000              1
                         18B6-1A01            100
        EEDATA           2100-21FF            100           2
        ENTRY            0003-0003              1           2
                         07FD-0802              3
                         1000-1000              1
                         18B6-1A01            100
        IDLOC            2000-2003              4           2
        RAM              006D-006F              3           1
                         00EA-00EF              6
                         0110-016F             60
                         01A4-01EF             4C
        SFR0             0000-001F             20           1
        SFR1             0080-009F             20           1
        SFR2             0100-010F             10           1
        SFR3             0180-018F             10           1
        STRCODE          0003-0003              1           2
                         07FD-0802              6
                         1000-1000              1
                         18B6-1A01            14C
        STRING           0003-0003              1           2
                         07FD-0802              3
                         1000-1000              1
                         18B6-1A01            100

                                  Symbol Table

?__Umul8_16                cstackCOMMON 0073
?___awdiv                  cstackBANK0  0022
?___awmod                  cstackCOMMON 0073
?___fladd                  cstackBANK0  0058
?___fldiv                  cstackBANK1  00A8
?___flmul                  cstackBANK0  002A
?___flneg                  cstackCOMMON 0073
?___flsub                  cstackBANK1  00A0
?___fltol                  cstackBANK0  0057
?___lldiv                  cstackBANK0  0020
?___llmod                  cstackBANK0  0020
?___lwdiv                  cstackBANK0  0020
?___lwmod                  cstackCOMMON 0073
?___wmul                   cstackCOMMON 0073
?___xxtofl                 cstackCOMMON 0073
?__div_to_l_               cstackBANK0  0020
?__tdiv_to_l_              cstackBANK0  0020
?_fround                   cstackBANK0  0044
?_map                      cstackBANK1  00C2
?_scale                    cstackBANK0  0044
?_sprintf                  cstackBANK1  00A8
Lcd8_Cmd@a                 cstackCOMMON 0076
Lcd8_Port@a                cstackCOMMON 0073
Lcd8_Set_Cursor@a          cstackBANK0  0020
Lcd8_Set_Cursor@b          cstackCOMMON 0077
Lcd8_Write_Char@a          cstackCOMMON 0075
Lcd8_Write_String@a        cstackCOMMON 0076
Lcd8_Write_String@i        cstackBANK0  0023
_ADCON0bits                (abs)        001F
_ADCON1bits                (abs)        009F
_ADRESH                    (abs)        001E
_ANSEL                     (abs)        0188
_ANSELH                    (abs)        0189
_BAUDCTLbits               (abs)        0187
_INTCONbits                (abs)        000B
_Lcd8_Cmd                  text30       1A4E
_Lcd8_Init                 text29       1CB7
_Lcd8_Port                 text31       1A02
_Lcd8_Set_Cursor           text28       1A68
_Lcd8_Write_Char           text27       1A38
_Lcd8_Write_String         text26       1ADA
_OSCCONbits                (abs)        008F
_PIE1bits                  (abs)        008C
_PIR1bits                  (abs)        000C
_PORTB                     (abs)        0006
_PORTC                     (abs)        0007
_PORTCbits                 (abs)        0007
_PORTD                     (abs)        0008
_PORTDbits                 (abs)        0008
_RCREG                     (abs)        001A
_RCSTAbits                 (abs)        0018
_RD3                       (abs)        0043
_RD4                       (abs)        0044
_RD5                       (abs)        0045
_RD6                       (abs)        0046
_RD7                       (abs)        0047
_SPBRG                     (abs)        0099
_SPBRGH                    (abs)        009A
_TRISB                     (abs)        0086
_TRISC                     (abs)        0087
_TRISD                     (abs)        0088
_TXIF                      (abs)        0064
_TXREG                     (abs)        0019
_TXSTAbits                 (abs)        0098
__H__absolute__            __absolute__ 0000
__Habs1                    abs1         0000
__Hbank0                   bank0        0000
__Hbank1                   bank1        0000
__Hbank2                   bank2        0000
__Hbank3                   bank3        0000
__HbssBANK0                bssBANK0     0000
__HbssBANK1                bssBANK1     0000
__HbssBANK3                bssBANK3     0000
__HbssCOMMON               bssCOMMON    0000
__Hcinit                   cinit        002B
__Hclrtext                 clrtext      0000
__Hcode                    code         0000
__Hcommon                  common       0000
__Hconfig                  config       2009
__HcstackBANK0             cstackBANK0  0000
__HcstackBANK1             cstackBANK1  0000
__HcstackCOMMON            cstackCOMMON 0000
__Heeprom_data             eeprom_data  0000
__Hend_init                end_init     000F
__Hfunctab                 functab      0000
__Hinit                    init         000C
__Hintentry                intentry     000C
__Hmaintext                maintext     0000
__Hpowerup                 powerup      0000
__Hram                     ram          0000
__Hreset_vec               reset_vec    0003
__Hsfr0                    sfr0         0000
__Hsfr1                    sfr1         0000
__Hsfr2                    sfr2         0000
__Hsfr3                    sfr3         0000
__Hspace_0                 (abs)        2000
__Hspace_1                 (abs)        01A4
__Hspace_2                 (abs)        0000
__Hspace_3                 (abs)        0000
__Hspace_4                 (abs)        4010
__Hstack                   stack        0000
__Hstrings                 strings      0000
__Htext                    text         0000
__L__absolute__            __absolute__ 0000
__Labs1                    abs1         0000
__Lbank0                   bank0        0000
__Lbank1                   bank1        0000
__Lbank2                   bank2        0000
__Lbank3                   bank3        0000
__LbssBANK0                bssBANK0     0000
__LbssBANK1                bssBANK1     0000
__LbssBANK3                bssBANK3     0000
__LbssCOMMON               bssCOMMON    0000
__Lcinit                   cinit        000F
__Lclrtext                 clrtext      0000
__Lcode                    code         0000
__Lcommon                  common       0000
__Lconfig                  config       0000
__LcstackBANK0             cstackBANK0  0000
__LcstackBANK1             cstackBANK1  0000
__LcstackCOMMON            cstackCOMMON 0000
__Leeprom_data             eeprom_data  0000
__Lend_init                end_init     000C
__Lfunctab                 functab      0000
__Linit                    init         000C
__Lintentry                intentry     0004
__Lmaintext                maintext     0000
__Lpowerup                 powerup      0000
__Lram                     ram          0000
__Lreset_vec               reset_vec    0000
__Lsfr0                    sfr0         0000
__Lsfr1                    sfr1         0000
__Lsfr2                    sfr2         0000
__Lsfr3                    sfr3         0000
__Lspace_0                 (abs)        0000
__Lspace_1                 (abs)        0000
__Lspace_2                 (abs)        0000
__Lspace_3                 (abs)        0000
__Lspace_4                 (abs)        0000
__Lstack                   stack        0000
__Lstrings                 strings      0000
__Ltext                    text         0000
__S0                       (abs)        2000
__S1                       (abs)        01A4
__S3                       (abs)        0000
__Umul8_16                 text23       1A86
__Umul8_16@multiplicand    cstackCOMMON 0073
__Umul8_16@multiplier      cstackBANK0  0024
__Umul8_16@product         cstackBANK0  0020
__Umul8_16@word_mpld       cstackBANK0  0022
___awdiv                   text4        1D84
___awdiv@counter           cstackBANK0  0026
___awdiv@dividend          cstackBANK0  0024
___awdiv@divisor           cstackBANK0  0022
___awdiv@quotient          cstackBANK0  0028
___awdiv@sign              cstackBANK0  0027
___awmod                   text3        1C5C
___awmod@counter           cstackBANK0  0020
___awmod@dividend          cstackCOMMON 0075
___awmod@divisor           cstackCOMMON 0073
___awmod@sign              cstackBANK0  0021
___fladd                   text21       15A8
___fladd@a                 cstackBANK0  005C
___fladd@aexp              cstackBANK0  0069
___fladd@b                 cstackBANK0  0058
___fladd@bexp              cstackBANK0  006A
___fladd@grs               cstackBANK0  006B
___fladd@signs             cstackBANK0  0068
___fldiv                   text24       11CC
___fldiv@a                 cstackBANK1  00A8
___fldiv@aexp              cstackBANK1  00C1
___fldiv@b                 cstackBANK1  00AC
___fldiv@bexp              cstackBANK1  00C0
___fldiv@grs               cstackBANK1  00BC
___fldiv@new_exp           cstackBANK1  00BA
___fldiv@rem               cstackBANK1  00B5
___fldiv@sign              cstackBANK1  00B9
___fleq                    text18       1BB6
___fleq@ff1                cstackBANK0  0020
___fleq@ff2                cstackBANK0  0024
___flge                    text17       1DED
___flge@ff1                cstackBANK0  0020
___flge@ff2                cstackBANK0  0024
___flmul                   text22       0958
___flmul@a                 cstackBANK0  002E
___flmul@aexp              cstackBANK0  003C
___flmul@b                 cstackBANK0  002A
___flmul@bexp              cstackBANK0  003D
___flmul@grs               cstackBANK0  0038
___flmul@prod              cstackBANK0  003E
___flmul@sign              cstackBANK0  0037
___flmul@temp              cstackBANK0  0042
___flneg                   text16       07F2
___flneg@f1                cstackCOMMON 0073
___flsub                   text20       1B66
___flsub@a                 cstackBANK1  00A0
___flsub@b                 cstackBANK1  00A4
___fltol                   text15       077A
___fltol@exp1              cstackBANK0  0060
___fltol@f1                cstackBANK0  0057
___fltol@sign1             cstackBANK0  005F
___int_sp                  stack        0000
___latbits                 (abs)        0002
___lldiv                   text14       1D1C
___lldiv@counter           cstackBANK0  002C
___lldiv@dividend          cstackBANK0  0024
___lldiv@divisor           cstackBANK0  0020
___lldiv@quotient          cstackBANK0  0028
___llmod                   text13       1C06
___llmod@counter           cstackCOMMON 0074
___llmod@dividend          cstackBANK0  0024
___llmod@divisor           cstackBANK0  0020
___lwdiv                   text8        1B20
___lwdiv@counter           cstackBANK0  0024
___lwdiv@dividend          cstackBANK0  0022
___lwdiv@divisor           cstackBANK0  0020
___lwdiv@quotient          cstackBANK0  0025
___lwmod                   text7        0803
___lwmod@counter           cstackCOMMON 0077
___lwmod@dividend          cstackCOMMON 0075
___lwmod@divisor           cstackCOMMON 0073
___sp                      stack        0000
___stackhi                 (abs)        0000
___stacklo                 (abs)        0000
___wmul                    text12       1AAF
___wmul@multiplicand       cstackCOMMON 0075
___wmul@multiplier         cstackCOMMON 0073
___wmul@product            cstackBANK0  0020
___xxtofl                  text11       101D
___xxtofl@arg              cstackBANK0  0026
___xxtofl@exp              cstackBANK0  0025
___xxtofl@sign             cstackBANK0  0024
___xxtofl@val              cstackCOMMON 0073
__div_to_l_                text10       1F48
__div_to_l_@cntr           cstackBANK0  002C
__div_to_l_@exp1           cstackBANK0  002D
__div_to_l_@f1             cstackBANK0  0020
__div_to_l_@f2             cstackBANK0  0024
__div_to_l_@quot           cstackBANK0  0028
__end_of_Lcd8_Cmd          text30       1A68
__end_of_Lcd8_Init         text29       1D1C
__end_of_Lcd8_Port         text31       1A08
__end_of_Lcd8_Set_Cursor   text28       1A86
__end_of_Lcd8_Write_Char   text27       1A4E
__end_of_Lcd8_Write_String text26       1B20
__end_of__Umul8_16         text23       1AAF
__end_of___awdiv           text4        1DED
__end_of___awmod           text3        1CB7
__end_of___fladd           text21       1800
__end_of___fldiv           text24       139B
__end_of___fleq            text18       1C06
__end_of___flge            text17       1E91
__end_of___flmul           text22       0C9D
__end_of___flneg           text16       07FD
__end_of___flsub           text20       1BB6
__end_of___fltol           text15       07F2
__end_of___lldiv           text14       1D84
__end_of___llmod           text13       1C5C
__end_of___lwdiv           text8        1B66
__end_of___lwmod           text7        083D
__end_of___wmul            text12       1ADA
__end_of___xxtofl          text11       10D7
__end_of__div_to_l_        text10       2000
__end_of__initialization   cinit        0027
__end_of__npowers_         strings      1878
__end_of__powers_          strings      1844
__end_of__stringtab        strings      1810
__end_of__tdiv_to_l_       text9        1F48
__end_of_adc_init          text25       101D
__end_of_dpowers           strings      18A0
__end_of_fround            text6        15A8
__end_of_isdigit           text5        1A22
__end_of_isr               text32       1A38
__end_of_main              maintext     0958
__end_of_map               text19       11CC
__end_of_scale             text2        1000
__end_of_sprintf           text1        077A
__initialization           cinit        000F
__npowers_                 strings      1844
__pbssBANK0                bssBANK0     006C
__pbssBANK1                bssBANK1     00DE
__pbssBANK3                bssBANK3     0190
__pbssCOMMON               bssCOMMON    0078
__pcstackBANK0             cstackBANK0  0020
__pcstackBANK1             cstackBANK1  00A0
__pcstackCOMMON            cstackCOMMON 0070
__pintentry                intentry     0004
__pmaintext                maintext     083D
__powers_                  strings      1810
__pstrings                 strings      1800
__ptext1                   text1        002B
__ptext10                  text10       1F48
__ptext11                  text11       101D
__ptext12                  text12       1AAF
__ptext13                  text13       1C06
__ptext14                  text14       1D1C
__ptext15                  text15       077A
__ptext16                  text16       07F2
__ptext17                  text17       1DED
__ptext18                  text18       1BB6
__ptext19                  text19       10D7
__ptext2                   text2        0C9D
__ptext20                  text20       1B66
__ptext21                  text21       15A8
__ptext22                  text22       0958
__ptext23                  text23       1A86
__ptext24                  text24       11CC
__ptext25                  text25       1001
__ptext26                  text26       1ADA
__ptext27                  text27       1A38
__ptext28                  text28       1A68
__ptext29                  text29       1CB7
__ptext3                   text3        1C5C
__ptext30                  text30       1A4E
__ptext31                  text31       1A02
__ptext32                  text32       1A22
__ptext4                   text4        1D84
__ptext5                   text5        1A10
__ptext6                   text6        139B
__ptext7                   text7        0803
__ptext8                   text8        1B20
__ptext9                   text9        1E91
__stringbase               strings      180F
__stringtab                strings      1800
__tdiv_to_l_               text9        1E91
__tdiv_to_l_@cntr          cstackBANK0  002C
__tdiv_to_l_@exp1          cstackBANK0  002D
__tdiv_to_l_@f1            cstackBANK0  0020
__tdiv_to_l_@f2            cstackBANK0  0024
__tdiv_to_l_@quot          cstackBANK0  0028
_adc_init                  text25       1001
_dato                      bssBANK0     006C
_dpowers                   strings      1878
_fround                    text6        139B
_fround$1363               cstackBANK0  0053
_fround$1364               cstackBANK0  004F
_isdigit                   text5        1A10
_isdigit$1123              cstackCOMMON 0073
_isr                       text32       1A22
_main                      maintext     083D
_map                       text19       10D7
_map$1362                  cstackBANK1  00D6
_scale                     text2        0C9D
_scale$1365                cstackBANK0  0052
_sprintf                   text1        002B
_sprintf$1366              cstackBANK1  00B2
_valor                     bssBANK3     0190
_voltaje                   bssBANK1     00DE
adc_init@channel           cstackCOMMON 0073
btemp                      (abs)        007E
clear_ram0                 clrtext      1A08
end_of_initialization      cinit        0027
fround@prec                cstackBANK0  0057
interrupt_function         intentry     0004
intlevel0                  functab      0000
intlevel1                  functab      0000
intlevel2                  functab      0000
intlevel3                  functab      0000
intlevel4                  functab      0000
intlevel5                  functab      0000
isdigit@c                  cstackCOMMON 0074
map@in_max                 cstackBANK1  00CA
map@in_min                 cstackBANK1  00C6
map@out_max                cstackBANK1  00D2
map@out_min                cstackBANK1  00CE
map@x                      cstackBANK1  00C2
reset_vec                  reset_vec    0000
saved_w                    (abs)        007E
scale@scl                  cstackBANK0  0056
sprintf@ap                 cstackBANK1  00B6
sprintf@c                  cstackBANK1  00CA
sprintf@eexp               cstackBANK1  00BD
sprintf@f                  cstackBANK1  00A8
sprintf@flag               cstackBANK1  00B7
sprintf@fval               cstackBANK1  00C6
sprintf@prec               cstackBANK1  00C4
sprintf@sp                 cstackBANK1  00BF
sprintf@tmpval             cstackBANK1  00C0
sprintf@val                cstackBANK1  00B9
start                      init         000C
start_initialization       cinit        000F
wtemp0                     (abs)        007E


MODULE INFORMATION

Module		Function		Class		Link	Load	Size
C:\Program Files\Microchip\xc8\v2.41\pic\sources\c90\common\sprcmul.c
		___flmul       		CODE           	0958	0000	837

C:\Program Files\Microchip\xc8\v2.41\pic\sources\c90\common\sprcmul.c estimated size: 837

C:\Program Files\Microchip\xc8\v2.41\pic\sources\c90\common\flge.c
		___flge        		CODE           	1DED	0000	164

C:\Program Files\Microchip\xc8\v2.41\pic\sources\c90\common\flge.c estimated size: 164

C:\Program Files\Microchip\xc8\v2.41\pic\sources\c90\common\sprcdiv.c
		___fldiv       		CODE           	11CC	0000	463

C:\Program Files\Microchip\xc8\v2.41\pic\sources\c90\common\sprcdiv.c estimated size: 463

C:\Program Files\Microchip\xc8\v2.41\pic\sources\c90\common\ftdivl.c
		__tdiv_to_l_   		CODE           	1E91	0000	183

C:\Program Files\Microchip\xc8\v2.41\pic\sources\c90\common\ftdivl.c estimated size: 183

C:\Program Files\Microchip\xc8\v2.41\pic\sources\c90\common\Umul16.c
		___wmul        		CODE           	1AAF	0000	43

C:\Program Files\Microchip\xc8\v2.41\pic\sources\c90\common\Umul16.c estimated size: 43

C:\Program Files\Microchip\xc8\v2.41\pic\sources\c90\common\lwdiv.c
		___lwdiv       		CODE           	1B20	0000	70

C:\Program Files\Microchip\xc8\v2.41\pic\sources\c90\common\lwdiv.c estimated size: 70

C:\Program Files\Microchip\xc8\v2.41\pic\sources\c90\common\awdiv.c
		___awdiv       		CODE           	1D84	0000	105

C:\Program Files\Microchip\xc8\v2.41\pic\sources\c90\common\awdiv.c estimated size: 105

C:\Program Files\Microchip\xc8\v2.41\pic\sources\c90\common\fltol.c
		___fltol       		CODE           	077A	0000	120

C:\Program Files\Microchip\xc8\v2.41\pic\sources\c90\common\fltol.c estimated size: 120

C:\Program Files\Microchip\xc8\v2.41\pic\sources\c90\common\__lldiv.c
		___lldiv       		CODE           	1D1C	0000	104

C:\Program Files\Microchip\xc8\v2.41\pic\sources\c90\common\__lldiv.c estimated size: 104

C:\Program Files\Microchip\xc8\v2.41\pic\sources\c90\common\isdigit.c
		_isdigit       		CODE           	1A10	0000	18

C:\Program Files\Microchip\xc8\v2.41\pic\sources\c90\common\isdigit.c estimated size: 18

C:\Program Files\Microchip\xc8\v2.41\pic\sources\c90\common\sprcadd.c
		___flsub       		CODE           	1B66	0000	80
		___fladd       		CODE           	15A8	0000	600

C:\Program Files\Microchip\xc8\v2.41\pic\sources\c90\common\sprcadd.c estimated size: 680

adc.c
		_map           		CODE           	10D7	0000	245
		_adc_init      		CODE           	1001	0000	28

adc.c estimated size: 273

C:\Program Files\Microchip\xc8\v2.41\pic\sources\c90\common\fldivl.c
		__div_to_l_    		CODE           	1F48	0000	184

C:\Program Files\Microchip\xc8\v2.41\pic\sources\c90\common\fldivl.c estimated size: 184

C:\Program Files\Microchip\xc8\v2.41\pic\sources\c90\common\fleq.c
		___fleq        		CODE           	1BB6	0000	80

C:\Program Files\Microchip\xc8\v2.41\pic\sources\c90\common\fleq.c estimated size: 80

C:\Program Files\Microchip\xc8\v2.41\pic\sources\c90\common\xxtofl.c
		___xxtofl      		CODE           	101D	0000	186

C:\Program Files\Microchip\xc8\v2.41\pic\sources\c90\common\xxtofl.c estimated size: 186

C:\Program Files\Microchip\xc8\v2.41\pic\sources\c90\common\flneg.c
		___flneg       		CODE           	07F2	0000	11

C:\Program Files\Microchip\xc8\v2.41\pic\sources\c90\common\flneg.c estimated size: 11

shared
		__stringtab    		STRING         	1800	0000	16
		__powers_      		STRING         	1810	0000	52
		_dpowers       		STRING         	1878	0000	40
		__npowers_     		STRING         	1844	0000	52
		__initialization		CODE           	000F	0000	24

shared estimated size: 184

C:\Program Files\Microchip\xc8\v2.41\pic\sources\c90\common\Umul8_16.c
		__Umul8_16     		CODE           	1A86	0000	41

C:\Program Files\Microchip\xc8\v2.41\pic\sources\c90\common\Umul8_16.c estimated size: 41

postlab.c
		_main          		CODE           	083D	0000	283
		_isr           		CODE           	1A22	0000	22

postlab.c estimated size: 305

lcd.c
		_Lcd8_Write_String		CODE           	1ADA	0000	70
		_Lcd8_Set_Cursor		CODE           	1A68	0000	30
		_Lcd8_Init     		CODE           	1CB7	0000	101
		_Lcd8_Port     		CODE           	1A02	0000	6
		_Lcd8_Write_Char		CODE           	1A38	0000	22
		_Lcd8_Cmd      		CODE           	1A4E	0000	26

lcd.c estimated size: 255

C:\Program Files\Microchip\xc8\v2.41\pic\sources\c90\common\doprnt.c
		_scale         		CODE           	0C9D	0000	867
		_sprintf       		CODE           	002B	0000	1871
		_fround        		CODE           	139B	0000	525

C:\Program Files\Microchip\xc8\v2.41\pic\sources\c90\common\doprnt.c estimated size: 3263

C:\Program Files\Microchip\xc8\v2.41\pic\sources\c90\common\lwmod.c
		___lwmod       		CODE           	0803	0000	58

C:\Program Files\Microchip\xc8\v2.41\pic\sources\c90\common\lwmod.c estimated size: 58

C:\Program Files\Microchip\xc8\v2.41\pic\sources\c90\common\awmod.c
		___awmod       		CODE           	1C5C	0000	91

C:\Program Files\Microchip\xc8\v2.41\pic\sources\c90\common\awmod.c estimated size: 91

C:\Program Files\Microchip\xc8\v2.41\pic\sources\c90\common\llmod.c
		___llmod       		CODE           	1C06	0000	86

C:\Program Files\Microchip\xc8\v2.41\pic\sources\c90\common\llmod.c estimated size: 86

