Microchip MPLAB XC8 Compiler V2.40

Linker command line:

-W-3 \
  --edf=C:\Program Files\Microchip\xc8\v2.40\pic\dat\20220703182018_en.msgs \
  -cn -h+dist/default/production\Slave3_Proyecto1.X.production.sym \
  --cmf=dist/default/production\Slave3_Proyecto1.X.production.cmf -z \
  -Q16F887 -oC:\Users\rodri\AppData\Local\Temp\xcAspv0.4 \
  --defsym=__MPLAB_BUILD=1 --fixupoverflow=error \
  -Mdist/default/production/Slave3_Proyecto1.X.production.map \
  --md=C:\Users\rodri\AppData\Local\Temp\xcAspv0.dat -E1 -ver=XC8 Compiler \
  --acfsm=1493 -ACODE=00h-07FFhx4 -ASTRCODE=00h-01FFFh -ASTRING=00h-0FFhx32 \
  -ACONST=00h-0FFhx32 -AENTRY=00h-0FFhx32 -ACOMMON=070h-07Fh \
  -ABANK0=020h-06Fh -ABANK1=0A0h-0EFh -ABANK2=0110h-016Fh \
  -ABANK3=0190h-01EFh -ARAM=020h-06Fh,0A0h-0EFh,0110h-016Fh,0190h-01EFh \
  -AABS1=020h-07Fh,0A0h-0EFh,0110h-016Fh,0190h-01EFh -ASFR0=00h-01Fh \
  -ASFR1=080h-09Fh -ASFR2=0100h-010Fh -ASFR3=0180h-018Fh \
  -ACONFIG=02007h-02008h -DCONFIG=2 -AIDLOC=02000h-02003h -DIDLOC=2 \
  -AEEDATA=00h-0FFh/02100h -peeprom_data=EEDATA -DEEDATA=2 -DCODE=2 \
  -DSTRCODE=2 -DSTRING=2 -DCONST=2 -DENTRY=2 \
  -preset_vec=00h,intentry=04h,init,end_init -ppowerup=CODE -pcinit=CODE \
  -pfunctab=ENTRY -k C:\Users\rodri\AppData\Local\Temp\xcAspv0.o \
  dist/default/production\Slave3_Proyecto1.X.production.o 

Object code version is 3.11

Machine type is 16F887



                Name                               Link     Load   Length Selector   Space Scale
C:\Users\rodri\AppData\Local\Temp\xcAspv0.o
                end_init                              C        C        3        8       0
                reset_vec                             0        0        3        0       0
                config                             2007     2007        2        0       4
                idloc                              2000     2000        4        0       5
dist/default/production\Slave3_Proyecto1.X.production.o
                cinit                                 F        F       11        8       0
                intentry                              4        4        8        8       0
                config                             2007     2007        2        0       4
                idloc                              2000     2000        4        0       5
                text10                              4E2      4E2       13        8       0
                text9                               3EC      3EC       57        8       0
                text8                               4C8      4C8       1A        8       0
                text7                                20       20      1D3        8       0
                text6                               2AD      2AD       78        8       0
                text5                               1F3      1F3       BA        8       0
                text4                               389      389       63        8       0
                text3                               471      471       2C        8       0
                text2                               49D      49D       2B        8       0
                text1                               443      443       2E        8       0
                maintext                            325      325       64        8       0
                cstackBANK0                          20       20       38       20       1
                cstackCOMMON                         70       70        6       70       1
                clrtext                             4F5      4F5        8        8       0
                bssBANK0                             58       58       10       20       1
                bssCOMMON                            76       76        4       70       1

TOTAL           Name                               Link     Load   Length     Space
        CLASS   CODE           
                end_init                              C        C        3         0
                cinit                                 F        F       11         0
                intentry                              4        4        8         0
                reset_vec                             0        0        3         0
                text10                              4E2      4E2       13         0
                text9                               3EC      3EC       57         0
                text8                               4C8      4C8       1A         0
                text7                                20       20      1D3         0
                text6                               2AD      2AD       78         0
                text5                               1F3      1F3       BA         0
                text4                               389      389       63         0
                text3                               471      471       2C         0
                text2                               49D      49D       2B         0
                text1                               443      443       2E         0
                maintext                            325      325       64         0
                clrtext                             4F5      4F5        8         0

        CLASS   STRCODE        

        CLASS   STRING         

        CLASS   CONST          

        CLASS   ENTRY          

        CLASS   COMMON         
                cstackCOMMON                         70       70        6         1
                bssCOMMON                            76       76        4         1

        CLASS   BANK0          
                cstackBANK0                          20       20       38         1
                bssBANK0                             58       58       10         1

        CLASS   BANK1          

        CLASS   BANK2          

        CLASS   BANK3          

        CLASS   RAM            

        CLASS   ABS1           
                abs_s1                               7E       7E        2         1

        CLASS   SFR0           

        CLASS   SFR1           

        CLASS   SFR2           

        CLASS   SFR3           

        CLASS   CONFIG         
                config                             2007     2007        2         4

        CLASS   IDLOC          
                idloc                              2000     2000        4         5

        CLASS   EEDATA         

        CLASS   STACK          



SEGMENTS        Name                           Load    Length   Top    Selector   Space  Class     Delta

                reset_vec                      000000  000003  000003         0       0  CODE        2
                intentry                       000004  0004F9  0004FD         8       0  CODE        2
                cstackBANK0                    000020  000048  000068        20       1  BANK0       1
                cstackCOMMON                   000070  00000A  00007A        70       1  COMMON      1


UNUSED ADDRESS RANGES

        Name                Unused          Largest block    Delta
        BANK0            0068-006F              8           1
        BANK1            00A0-00EF             50           1
        BANK2            0110-016F             60           1
        BANK3            0190-01EF             60           1
        CODE             0003-0003              1           2
                         04FD-1FFF            800
        COMMON           007A-007D              4           1
        CONST            0003-0003              1           2
                         04FD-1FFF            100
        EEDATA           2100-21FF            100           2
        ENTRY            0003-0003              1           2
                         04FD-1FFF            100
        RAM              0068-006F              8           1
                         00A0-00EF             50
                         0110-016F             60
                         0190-01EF             60
        SFR0             0000-001F             20           1
        SFR1             0080-009F             20           1
        SFR2             0100-010F             10           1
        SFR3             0180-018F             10           1
        STRCODE          0003-0003              1           2
                         04FD-1FFF           1B03
        STRING           0003-0003              1           2
                         04FD-1FFF            100

                                  Symbol Table

?_ObtenerDistancia         cstackBANK0  0050
?___fldiv                  cstackBANK0  002E
?___fltol                  cstackBANK0  0048
?___xxtofl                 cstackBANK0  0020
I2C_Init_Slave@add_slave   cstackCOMMON 0074
I2C_Write_Slave@dato_i2c   cstackCOMMON 0070
ObtenerDistancia@distancia cstackBANK0  0053
_ANSEL                     (abs)        0188
_ANSELH                    (abs)        0189
_BF                        (abs)        04A0
_I2C_Init_Slave            text8        04C8
_I2C_Write_Slave           text10       04E2
_INTCONbits                (abs)        000B
_OSCCONbits                (abs)        008F
_ObtenerDistancia          text4        0389
_PIE1bits                  (abs)        008C
_PIR1bits                  (abs)        000C
_PORTB                     (abs)        0006
_PORTBbits                 (abs)        0006
_PORTCbits                 (abs)        0007
_PORTD                     (abs)        0008
_PORTDbits                 (abs)        0008
_RC0                       (abs)        0038
_SSPADD                    (abs)        0093
_SSPBUF                    (abs)        0013
_SSPCON                    (abs)        0014
_SSPCON2                   (abs)        0091
_SSPCONbits                (abs)        0014
_SSPSTAT                   (abs)        0094
_SSPSTATbits               (abs)        0094
_T1CKPS0                   (abs)        0084
_T1CKPS1                   (abs)        0085
_T1CON                     (abs)        0010
_TMR1H                     (abs)        000F
_TMR1L                     (abs)        000E
_TMR1ON                    (abs)        0080
_TRISB                     (abs)        0086
_TRISC0                    (abs)        0438
_TRISC1                    (abs)        0439
_TRISCbits                 (abs)        0087
_TRISD                     (abs)        0088
__Habs1                    abs1         0000
__Hbank0                   bank0        0000
__Hbank1                   bank1        0000
__Hbank2                   bank2        0000
__Hbank3                   bank3        0000
__HbssBANK0                bssBANK0     0000
__HbssCOMMON               bssCOMMON    0000
__Hcinit                   cinit        0020
__Hclrtext                 clrtext      0000
__Hcode                    code         0000
__Hcommon                  common       0000
__Hconfig                  config       2009
__HcstackBANK0             cstackBANK0  0000
__HcstackCOMMON            cstackCOMMON 0000
__Heeprom_data             eeprom_data  0000
__Hend_init                end_init     000F
__Hfunctab                 functab      0000
__Hidloc                   idloc        2004
__Hinit                    init         000C
__Hintentry                intentry     000C
__Hmaintext                maintext     0000
__Hpowerup                 powerup      0000
__Hram                     ram          0000
__Hreset_vec               reset_vec    0003
__Hsfr0                    sfr0         0000
__Hsfr1                    sfr1         0000
__Hsfr2                    sfr2         0000
__Hsfr3                    sfr3         0000
__Hspace_0                 (abs)        04FD
__Hspace_1                 (abs)        007A
__Hspace_2                 (abs)        0000
__Hspace_3                 (abs)        0000
__Hspace_4                 (abs)        4010
__Hstack                   stack        0000
__Hstrings                 strings      0000
__Htext                    text         0000
__Labs1                    abs1         0000
__Lbank0                   bank0        0000
__Lbank1                   bank1        0000
__Lbank2                   bank2        0000
__Lbank3                   bank3        0000
__LbssBANK0                bssBANK0     0000
__LbssCOMMON               bssCOMMON    0000
__Lcinit                   cinit        000F
__Lclrtext                 clrtext      0000
__Lcode                    code         0000
__Lcommon                  common       0000
__Lconfig                  config       0000
__LcstackBANK0             cstackBANK0  0000
__LcstackCOMMON            cstackCOMMON 0000
__Leeprom_data             eeprom_data  0000
__Lend_init                end_init     000C
__Lfunctab                 functab      0000
__Lidloc                   idloc        0000
__Linit                    init         000C
__Lintentry                intentry     0004
__Lmaintext                maintext     0000
__Lpowerup                 powerup      0000
__Lram                     ram          0000
__Lreset_vec               reset_vec    0000
__Lsfr0                    sfr0         0000
__Lsfr1                    sfr1         0000
__Lsfr2                    sfr2         0000
__Lsfr3                    sfr3         0000
__Lspace_0                 (abs)        0000
__Lspace_1                 (abs)        0000
__Lspace_2                 (abs)        0000
__Lspace_3                 (abs)        0000
__Lspace_4                 (abs)        0000
__Lstack                   stack        0000
__Lstrings                 strings      0000
__Ltext                    text         0000
__S0                       (abs)        04FD
__S1                       (abs)        007A
__S3                       (abs)        0000
___fldiv                   text7        0020
___fldiv@a                 cstackBANK0  002E
___fldiv@aexp              cstackBANK0  0047
___fldiv@b                 cstackBANK0  0032
___fldiv@bexp              cstackBANK0  0046
___fldiv@grs               cstackBANK0  0042
___fldiv@new_exp           cstackBANK0  0040
___fldiv@rem               cstackBANK0  003B
___fldiv@sign              cstackBANK0  003F
___fltol                   text6        02AD
___fltol@exp1              cstackCOMMON 0075
___fltol@f1                cstackBANK0  0048
___fltol@sign1             cstackCOMMON 0074
___int_sp                  stack        0000
___latbits                 (abs)        0002
___sp                      stack        0000
___stackhi                 (abs)        0000
___stacklo                 (abs)        0000
___xxtofl                  text5        01F3
___xxtofl@arg              cstackBANK0  002A
___xxtofl@exp              cstackBANK0  0029
___xxtofl@sign             cstackBANK0  0028
___xxtofl@val              cstackBANK0  0020
__end_of_I2C_Init_Slave    text8        04E2
__end_of_I2C_Write_Slave   text10       04F5
__end_of_ObtenerDistancia  text4        03EC
__end_of___fldiv           text7        01F3
__end_of___fltol           text6        0325
__end_of___xxtofl          text5        02AD
__end_of__initialization   cinit        001C
__end_of_isr               text9        0443
__end_of_main              maintext     0389
__end_of_servoRotate0      text3        049D
__end_of_servoRotate180    text2        04C8
__end_of_setup             text1        0471
__initialization           cinit        000F
__pbssBANK0                bssBANK0     0058
__pbssCOMMON               bssCOMMON    0076
__pcstackBANK0             cstackBANK0  0020
__pcstackCOMMON            cstackCOMMON 0070
__pintentry                intentry     0004
__pmaintext                maintext     0325
__ptext1                   text1        0443
__ptext10                  text10       04E2
__ptext2                   text2        049D
__ptext3                   text3        0471
__ptext4                   text4        0389
__ptext5                   text5        01F3
__ptext6                   text6        02AD
__ptext7                   text7        0020
__ptext8                   text8        04C8
__ptext9                   text9        03EC
_dist                      bssCOMMON    0076
_isr                       text9        03EC
_main                      maintext     0325
_servoRotate0              text3        0471
_servoRotate180            text2        049D
_setup                     text1        0443
_z                         bssCOMMON    0079
btemp                      (abs)        007E
clear_ram0                 clrtext      04F5
end_of_initialization      cinit        001C
interrupt_function         intentry     0004
intlevel0                  functab      0000
intlevel1                  functab      0000
intlevel2                  functab      0000
intlevel3                  functab      0000
intlevel4                  functab      0000
intlevel5                  functab      0000
reset_vec                  reset_vec    0000
saved_w                    (abs)        007E
servoRotate0@i             cstackBANK0  0020
servoRotate180@i           cstackBANK0  0020
start                      init         000C
start_initialization       cinit        000F
wtemp0                     (abs)        007E


MODULE INFORMATION

Module		Function		Class		Link	Load	Size
C:\Program Files\Microchip\xc8\v2.40\pic\sources\c90\common\fltol.c
		___fltol       		CODE           	02AD	0000	120

C:\Program Files\Microchip\xc8\v2.40\pic\sources\c90\common\fltol.c estimated size: 120

I2C.c
		_I2C_Init_Slave		CODE           	04C8	0000	26
		_I2C_Write_Slave		CODE           	04E2	0000	19

I2C.c estimated size: 45

C:\Program Files\Microchip\xc8\v2.40\pic\sources\c90\common\sprcdiv.c
		___fldiv       		CODE           	0020	0000	467

C:\Program Files\Microchip\xc8\v2.40\pic\sources\c90\common\sprcdiv.c estimated size: 467

shared
		__initialization		CODE           	000F	0000	13

shared estimated size: 13

Proyecto1_Slave3.c
		_servoRotate0  		CODE           	0471	0000	44
		_main          		CODE           	0325	0000	100
		_servoRotate180		CODE           	049D	0000	43
		_isr           		CODE           	03EC	0000	87
		_setup         		CODE           	0443	0000	46
		_ObtenerDistancia		CODE           	0389	0000	99

Proyecto1_Slave3.c estimated size: 419

C:\Program Files\Microchip\xc8\v2.40\pic\sources\c90\common\xxtofl.c
		___xxtofl      		CODE           	01F3	0000	186

C:\Program Files\Microchip\xc8\v2.40\pic\sources\c90\common\xxtofl.c estimated size: 186

