Microchip MPLAB XC8 Compiler V2.40

Linker command line:

-W-3 \
  --edf=C:\Program Files\Microchip\xc8\v2.40\pic\dat\20220703182018_en.msgs \
  -cn -h+dist/default/production\Master_Proyecto1.X.production.sym \
  --cmf=dist/default/production\Master_Proyecto1.X.production.cmf -z \
  -Q16F887 -oC:\Users\rodri\AppData\Local\Temp\xcAslng.4 \
  --defsym=__MPLAB_BUILD=1 --fixupoverflow=error \
  -Mdist/default/production/Master_Proyecto1.X.production.map \
  --md=C:\Users\rodri\AppData\Local\Temp\xcAslng.dat -E1 -ver=XC8 Compiler \
  --acfsm=1493 -ACODE=00h-07FFhx4 -ASTRCODE=00h-01FFFh -ASTRING=00h-0FFhx32 \
  -ACONST=00h-0FFhx32 -AENTRY=00h-0FFhx32 -ACOMMON=070h-07Fh \
  -ABANK0=020h-06Fh -ABANK1=0A0h-0EFh -ABANK2=0110h-016Fh \
  -ABANK3=0190h-01EFh -ARAM=020h-06Fh,0A0h-0EFh,0110h-016Fh,0190h-01EFh \
  -AABS1=020h-07Fh,0A0h-0EFh,0110h-016Fh,0190h-01EFh -ASFR0=00h-01Fh \
  -ASFR1=080h-09Fh -ASFR2=0100h-010Fh -ASFR3=0180h-018Fh \
  -ACONFIG=02007h-02008h -DCONFIG=2 -AIDLOC=02000h-02003h -DIDLOC=2 \
  -AEEDATA=00h-0FFh/02100h -peeprom_data=EEDATA -DEEDATA=2 -DCODE=2 \
  -DSTRCODE=2 -DSTRING=2 -DCONST=2 -DENTRY=2 \
  -preset_vec=00h,intentry,init,end_init -ppowerup=CODE -pcinit=CODE \
  -pfunctab=ENTRY -k C:\Users\rodri\AppData\Local\Temp\xcAslng.o \
  dist/default/production\Master_Proyecto1.X.production.o 

Object code version is 3.11

Machine type is 16F887



                Name                               Link     Load   Length Selector   Space Scale
C:\Users\rodri\AppData\Local\Temp\xcAslng.o
                end_init                              0        0        3        0       0
                config                             2007     2007        2        0       4
                idloc                              2000     2000        4        0       5
dist/default/production\Master_Proyecto1.X.production.o
                cinit                               7E6      7E6       1A      FCC       0
                config                             2007     2007        2        0       4
                idloc                              2000     2000        4        0       5
                text36                             18EC     18EC       1F     31D8       0
                text35                             187B     187B        B     30F6       0
                text34                             185D     185D        A     30BA       0
                text33                             1867     1867        A     30CE       0
                text32                             1891     1891        E     3122       0
                text31                             189F     189F       19     313E       0
                text30                             1A7A     1A7A       4F     34F4       0
                text29                             18D1     18D1       1B     31A2       0
                text28                             1C45     1C45       8F     388A       0
                text27                             19E7     19E7       45     33CE       0
                text26                             1871     1871        A     30E2       0
                text25                             197B     197B       28     32F6       0
                text24                             1E2D     1E2D      1D3     3C5A       0
                text23                             18B8     18B8       19     3170       0
                text22                             1A2C     1A2C       4E     3458       0
                text21                             1CD4     1CD4       A2     39A8       0
                text20                             1886     1886        B     310C       0
                text19                             15A8     15A8      258     2B50       0
                text18                             190B     190B       24     3216       0
                text17                               CA       CA       78      194       0
                text16                             1B76     1B76       66     36EC       0
                text15                             1AC9     1AC9       54     3592       0
                text14                             192F     192F       25     325E       0
                text13                             103A     103A       B8     2074       0
                text12                             10F2     10F2       B8     21E4       0
                text11                             1D76     1D76       B7     3AEC       0
                text10                             1954     1954       27     32A8       0
                text9                               142      142      345      284       0
                text8                              19A3     19A3       44     3346       0
                text7                              1000     1000       3A     102C       0
                text6                              139D     139D      20B     273A       0
                text5                               804      804       12     1008       0
                text4                              1BDC     1BDC       69     37B8       0
                text3                              1B1D     1B1D       59     363A       0
                text2                               487      487      35F      90E       0
                text1                               816      816      7EA     102C       0
                maintext                           11AA     11AA      1F3     2354       0
                cstackBANK0                          20       20       4E       20       1
                cstackCOMMON                         70       70        E       70       1
                cstackBANK1                          A0       A0       29       A0       1
                clrtext                              C2       C2        8      184       0
                bssBANK3                            190      190       28      190       1
                bssBANK1                             C9       C9       15       A0       1
                bssBANK0                             6E       6E        2       20       1
                strings                               3        3       BE        6       0

TOTAL           Name                               Link     Load   Length     Space
        CLASS   CODE           
                end_init                              0        0        3         0
                cinit                               7E6      7E6       1A         0
                text36                             18EC     18EC       1F         0
                text35                             187B     187B        B         0
                text34                             185D     185D        A         0
                text33                             1867     1867        A         0
                text32                             1891     1891        E         0
                text31                             189F     189F       19         0
                text30                             1A7A     1A7A       4F         0
                text29                             18D1     18D1       1B         0
                text28                             1C45     1C45       8F         0
                text27                             19E7     19E7       45         0
                text26                             1871     1871        A         0
                text25                             197B     197B       28         0
                text24                             1E2D     1E2D      1D3         0
                text23                             18B8     18B8       19         0
                text22                             1A2C     1A2C       4E         0
                text21                             1CD4     1CD4       A2         0
                text20                             1886     1886        B         0
                text19                             15A8     15A8      258         0
                text18                             190B     190B       24         0
                text17                               CA       CA       78         0
                text16                             1B76     1B76       66         0
                text15                             1AC9     1AC9       54         0
                text14                             192F     192F       25         0
                text13                             103A     103A       B8         0
                text12                             10F2     10F2       B8         0
                text11                             1D76     1D76       B7         0
                text10                             1954     1954       27         0
                text9                               142      142      345         0
                text8                              19A3     19A3       44         0
                text7                              1000     1000       3A         0
                text6                              139D     139D      20B         0
                text5                               804      804       12         0
                text4                              1BDC     1BDC       69         0
                text3                              1B1D     1B1D       59         0
                text2                               487      487      35F         0
                text1                               816      816      7EA         0
                maintext                           11AA     11AA      1F3         0
                clrtext                              C2       C2        8         0

        CLASS   STRCODE        

        CLASS   STRING         
                strings                               3        3       BE         0

        CLASS   CONST          

        CLASS   ENTRY          

        CLASS   COMMON         
                cstackCOMMON                         70       70        E         1

        CLASS   BANK0          
                cstackBANK0                          20       20       4E         1
                bssBANK0                             6E       6E        2         1

        CLASS   BANK1          
                cstackBANK1                          A0       A0       29         1
                bssBANK1                             C9       C9       15         1

        CLASS   BANK2          

        CLASS   BANK3          
                bssBANK3                            190      190       28         1

        CLASS   RAM            

        CLASS   ABS1           
                abs_s1                               7E       7E        2         1

        CLASS   SFR0           

        CLASS   SFR1           

        CLASS   SFR2           

        CLASS   SFR3           

        CLASS   CONFIG         
                config                             2007     2007        2         4

        CLASS   IDLOC          
                idloc                              2000     2000        4         5

        CLASS   EEDATA         

        CLASS   STACK          



SEGMENTS        Name                           Load    Length   Top    Selector   Space  Class     Delta

                reset_vec                      000000  000003  000003         0       0  CODE        2
                strings                        000003  0000BE  0000C1         6       0  STRING      2
                cstackBANK0                    000020  000050  000070        20       1  BANK0       1
                cstackCOMMON                   000070  00000E  00007E        70       1  COMMON      1
                cstackBANK1                    0000A0  00003E  0000DE        A0       1  BANK1       1
                clrtext                        0000C2  000008  0000CA       184       0  CODE        2
                bssBANK3                       000190  000028  0001B8       190       1  BANK3       1
                text17                         0000CA  000078  000142       194       0  CODE        2
                text9                          000142  000345  000487       284       0  CODE        2
                text2                          000487  00035F  0007E6       90E       0  CODE        2
                cinit                          0007E6  00001A  000800       FCC       0  CODE        2
                text5                          000804  000012  000816      1008       0  CODE        2
                text1                          000816  000824  00103A      102C       0  CODE        2
                text13                         00103A  0000B8  0010F2      2074       0  CODE        2
                text12                         0010F2  0000B8  0011AA      21E4       0  CODE        2
                maintext                       0011AA  0001F3  00139D      2354       0  CODE        2
                text6                          00139D  00020B  0015A8      273A       0  CODE        2
                text19                         0015A8  000258  001800      2B50       0  CODE        2
                text34                         00185D  00000A  001867      30BA       0  CODE        2
                text33                         001867  00000A  001871      30CE       0  CODE        2
                text26                         001871  00000A  00187B      30E2       0  CODE        2
                text35                         00187B  00000B  001886      30F6       0  CODE        2
                text20                         001886  00000B  001891      310C       0  CODE        2
                text32                         001891  00000E  00189F      3122       0  CODE        2
                text31                         00189F  000019  0018B8      313E       0  CODE        2
                text23                         0018B8  000019  0018D1      3170       0  CODE        2
                text29                         0018D1  00001B  0018EC      31A2       0  CODE        2
                text36                         0018EC  00001F  00190B      31D8       0  CODE        2
                text18                         00190B  000024  00192F      3216       0  CODE        2
                text14                         00192F  000025  001954      325E       0  CODE        2
                text10                         001954  000027  00197B      32A8       0  CODE        2
                text25                         00197B  000028  0019A3      32F6       0  CODE        2
                text8                          0019A3  000044  0019E7      3346       0  CODE        2
                text27                         0019E7  000045  001A2C      33CE       0  CODE        2
                text22                         001A2C  00004E  001A7A      3458       0  CODE        2
                text30                         001A7A  00004F  001AC9      34F4       0  CODE        2
                text15                         001AC9  000054  001B1D      3592       0  CODE        2
                text3                          001B1D  000059  001B76      363A       0  CODE        2
                text16                         001B76  000066  001BDC      36EC       0  CODE        2
                text4                          001BDC  000069  001C45      37B8       0  CODE        2
                text28                         001C45  00008F  001CD4      388A       0  CODE        2
                text21                         001CD4  0000A2  001D76      39A8       0  CODE        2
                text11                         001D76  0000B7  001E2D      3AEC       0  CODE        2
                text24                         001E2D  0001D3  002000      3C5A       0  CODE        2


UNUSED ADDRESS RANGES

        Name                Unused          Largest block    Delta
        BANK1            00DE-00EF             12           1
        BANK2            0110-016F             60           1
        BANK3            01B8-01EF             38           1
        CODE             00C1-00C1              1           2
                         0800-0803              4
                         1800-185C             5D
        CONST            00C1-00C1              1           2
                         0800-0803              4
                         1800-185C             5D
        EEDATA           2100-21FF            100           2
        ENTRY            00C1-00C1              1           2
                         0800-0803              4
                         1800-185C             5D
        RAM              00DE-00EF             12           1
                         0110-016F             60
                         01B8-01EF             38
        SFR0             0000-001F             20           1
        SFR1             0080-009F             20           1
        SFR2             0100-010F             10           1
        SFR3             0180-018F             10           1
        STRCODE          00C1-00C1              1           2
                         0800-0803              4
                         1800-185C             5D
        STRING           00C1-00C1              1           2
                         0800-0803              4
                         1800-185C             5D

                                  Symbol Table

?__Umul8_16               cstackCOMMON 0070
?___awdiv                 cstackCOMMON 0077
?___awmod                 cstackCOMMON 0070
?___fladd                 cstackBANK0  0052
?___fldiv                 cstackBANK0  003E
?___flmul                 cstackBANK0  0024
?___flneg                 cstackCOMMON 0070
?___flsub                 cstackBANK0  0066
?___fltol                 cstackBANK0  0051
?___lldiv                 cstackCOMMON 0070
?___llmod                 cstackCOMMON 0070
?___lwdiv                 cstackCOMMON 0076
?___lwmod                 cstackCOMMON 0070
?___wmul                  cstackCOMMON 0070
?___xxtofl                cstackCOMMON 0070
?__div_to_l_              cstackCOMMON 0070
?__tdiv_to_l_             cstackCOMMON 0070
?_fround                  cstackBANK0  003E
?_scale                   cstackBANK0  003E
?_sprintf                 cstackBANK1  00A0
I2C_Init_Master@sp_i2c    cstackCOMMON 0070
I2C_Write@data            cstackCOMMON 0070
Lcd_I2C_Write@dato        cstackCOMMON 0071
Lcd_Init@i                cstackCOMMON 007B
Lcd_Port@add              cstackCOMMON 0074
Lcd_Port@datos            cstackCOMMON 0075
Lcd_Port@nibble           cstackCOMMON 0072
Lcd_Send_Byte@add         cstackCOMMON 0078
Lcd_Send_Byte@n           cstackCOMMON 0076
Lcd_Set_Cursor@col        cstackCOMMON 0079
Lcd_Set_Cursor@row        cstackCOMMON 007C
Lcd_Write_Char@c          cstackCOMMON 0079
Lcd_Write_String@str      cstackCOMMON 0079
_ANSEL                    (abs)        0188
_ANSELH                   (abs)        0189
_I2C_Init_Master          text36       18EC
_I2C_Read                 text35       187B
_I2C_Start                text34       185D
_I2C_Stop                 text33       1867
_I2C_Write                text32       1891
_Lcd_I2C_Write            text31       189F
_Lcd_Init                 text28       1C45
_Lcd_Port                 text30       1A7A
_Lcd_Send_Byte            text29       18D1
_Lcd_Set_Cursor           text27       19E7
_Lcd_Write_Char           text26       1871
_Lcd_Write_String         text25       197B
_PIR1bits                 (abs)        000C
_PORTA                    (abs)        0005
_PORTB                    (abs)        0006
_PORTD                    (abs)        0008
_PORTE                    (abs)        0009
_SSPADD                   (abs)        0093
_SSPBUF                   (abs)        0013
_SSPCON                   (abs)        0014
_SSPCON2                  (abs)        0091
_SSPCON2bits              (abs)        0091
_SSPSTAT                  (abs)        0094
_SSPSTATbits              (abs)        0094
_TRISA                    (abs)        0085
_TRISB                    (abs)        0086
_TRISC3                   (abs)        043B
_TRISC5                   (abs)        043D
_TRISCbits                (abs)        0087
_TRISD                    (abs)        0088
_TRISE                    (abs)        0089
__Habs1                   abs1         0000
__Hbank0                  bank0        0000
__Hbank1                  bank1        0000
__Hbank2                  bank2        0000
__Hbank3                  bank3        0000
__HbssBANK0               bssBANK0     0000
__HbssBANK1               bssBANK1     0000
__HbssBANK3               bssBANK3     0000
__Hcinit                  cinit        0800
__Hclrtext                clrtext      0000
__Hcode                   code         0000
__Hcommon                 common       0000
__Hconfig                 config       2009
__HcstackBANK0            cstackBANK0  0000
__HcstackBANK1            cstackBANK1  0000
__HcstackCOMMON           cstackCOMMON 0000
__Heeprom_data            eeprom_data  0000
__Hend_init               end_init     0003
__Hfunctab                functab      0000
__Hidloc                  idloc        2004
__Hinit                   init         0000
__Hintentry               intentry     0000
__Hmaintext               maintext     0000
__Hpowerup                powerup      0000
__Hram                    ram          0000
__Hreset_vec              reset_vec    0000
__Hsfr0                   sfr0         0000
__Hsfr1                   sfr1         0000
__Hsfr2                   sfr2         0000
__Hsfr3                   sfr3         0000
__Hspace_0                (abs)        2000
__Hspace_1                (abs)        01B8
__Hspace_2                (abs)        0000
__Hspace_3                (abs)        0000
__Hspace_4                (abs)        4010
__Hstack                  stack        0000
__Hstrings                strings      0000
__Htext                   text         0000
__Labs1                   abs1         0000
__Lbank0                  bank0        0000
__Lbank1                  bank1        0000
__Lbank2                  bank2        0000
__Lbank3                  bank3        0000
__LbssBANK0               bssBANK0     0000
__LbssBANK1               bssBANK1     0000
__LbssBANK3               bssBANK3     0000
__Lcinit                  cinit        07E6
__Lclrtext                clrtext      0000
__Lcode                   code         0000
__Lcommon                 common       0000
__Lconfig                 config       0000
__LcstackBANK0            cstackBANK0  0000
__LcstackBANK1            cstackBANK1  0000
__LcstackCOMMON           cstackCOMMON 0000
__Leeprom_data            eeprom_data  0000
__Lend_init               end_init     0000
__Lfunctab                functab      0000
__Lidloc                  idloc        0000
__Linit                   init         0000
__Lintentry               intentry     0000
__Lmaintext               maintext     0000
__Lpowerup                powerup      0000
__Lram                    ram          0000
__Lreset_vec              reset_vec    0000
__Lsfr0                   sfr0         0000
__Lsfr1                   sfr1         0000
__Lsfr2                   sfr2         0000
__Lsfr3                   sfr3         0000
__Lspace_0                (abs)        0000
__Lspace_1                (abs)        0000
__Lspace_2                (abs)        0000
__Lspace_3                (abs)        0000
__Lspace_4                (abs)        0000
__Lstack                  stack        0000
__Lstrings                strings      0000
__Ltext                   text         0000
__S0                      (abs)        2000
__S1                      (abs)        01B8
__S3                      (abs)        0000
__Umul8_16                text10       1954
__Umul8_16@multiplicand   cstackCOMMON 0070
__Umul8_16@multiplier     cstackCOMMON 0078
__Umul8_16@product        cstackCOMMON 0074
__Umul8_16@word_mpld      cstackCOMMON 0076
___awdiv                  text4        1BDC
___awdiv@counter          cstackBANK0  0020
___awdiv@dividend         cstackCOMMON 0079
___awdiv@divisor          cstackCOMMON 0077
___awdiv@quotient         cstackBANK0  0022
___awdiv@sign             cstackBANK0  0021
___awmod                  text3        1B1D
___awmod@counter          cstackCOMMON 0075
___awmod@dividend         cstackCOMMON 0072
___awmod@divisor          cstackCOMMON 0070
___awmod@sign             cstackCOMMON 0076
___fladd                  text19       15A8
___fladd@a                cstackBANK0  0056
___fladd@aexp             cstackBANK0  0063
___fladd@b                cstackBANK0  0052
___fladd@bexp             cstackBANK0  0064
___fladd@grs              cstackBANK0  0065
___fladd@signs            cstackBANK0  0062
___fldiv                  text24       1E2D
___fldiv@a                cstackBANK0  003E
___fldiv@aexp             cstackBANK0  0057
___fldiv@b                cstackBANK0  0042
___fldiv@bexp             cstackBANK0  0056
___fldiv@grs              cstackBANK0  0052
___fldiv@new_exp          cstackBANK0  0050
___fldiv@rem              cstackBANK0  004B
___fldiv@sign             cstackBANK0  004F
___fleq                   text22       1A2C
___fleq@ff1               cstackCOMMON 0070
___fleq@ff2               cstackCOMMON 0074
___flge                   text21       1CD4
___flge@ff1               cstackCOMMON 0070
___flge@ff2               cstackCOMMON 0074
___flmul                  text9        0142
___flmul@a                cstackBANK0  0028
___flmul@aexp             cstackBANK0  0036
___flmul@b                cstackBANK0  0024
___flmul@bexp             cstackBANK0  0037
___flmul@grs              cstackBANK0  0032
___flmul@prod             cstackBANK0  0038
___flmul@sign             cstackBANK0  0031
___flmul@temp             cstackBANK0  003C
___flneg                  text20       1886
___flneg@f1               cstackCOMMON 0070
___flsub                  text18       190B
___flsub@a                cstackBANK0  0066
___flsub@b                cstackBANK0  006A
___fltol                  text17       00CA
___fltol@exp1             cstackBANK0  005A
___fltol@f1               cstackBANK0  0051
___fltol@sign1            cstackBANK0  0059
___int_sp                 stack        0000
___latbits                (abs)        0002
___lldiv                  text16       1B76
___lldiv@counter          cstackCOMMON 007D
___lldiv@dividend         cstackCOMMON 0074
___lldiv@divisor          cstackCOMMON 0070
___lldiv@quotient         cstackCOMMON 0079
___llmod                  text15       1AC9
___llmod@counter          cstackCOMMON 0079
___llmod@dividend         cstackCOMMON 0074
___llmod@divisor          cstackCOMMON 0070
___lwdiv                  text8        19A3
___lwdiv@counter          cstackCOMMON 007D
___lwdiv@dividend         cstackCOMMON 0078
___lwdiv@divisor          cstackCOMMON 0076
___lwdiv@quotient         cstackCOMMON 007B
___lwmod                  text7        1000
___lwmod@counter          cstackCOMMON 0075
___lwmod@dividend         cstackCOMMON 0072
___lwmod@divisor          cstackCOMMON 0070
___sp                     stack        0000
___stackhi                (abs)        0000
___stacklo                (abs)        0000
___wmul                   text14       192F
___wmul@multiplicand      cstackCOMMON 0072
___wmul@multiplier        cstackCOMMON 0070
___wmul@product           cstackCOMMON 0074
___xxtofl                 text13       103A
___xxtofl@arg             cstackCOMMON 007A
___xxtofl@exp             cstackCOMMON 0079
___xxtofl@sign            cstackCOMMON 0078
___xxtofl@val             cstackCOMMON 0070
__div_to_l_               text12       10F2
__div_to_l_@cntr          cstackBANK0  0024
__div_to_l_@exp1          cstackBANK0  0025
__div_to_l_@f1            cstackCOMMON 0070
__div_to_l_@f2            cstackCOMMON 0074
__div_to_l_@quot          cstackBANK0  0020
__end_of_I2C_Init_Master  text36       190B
__end_of_I2C_Read         text35       1886
__end_of_I2C_Start        text34       1867
__end_of_I2C_Stop         text33       1871
__end_of_I2C_Write        text32       189F
__end_of_Lcd_I2C_Write    text31       18B8
__end_of_Lcd_Init         text28       1CD4
__end_of_Lcd_Port         text30       1AC9
__end_of_Lcd_Send_Byte    text29       18EC
__end_of_Lcd_Set_Cursor   text27       1A2C
__end_of_Lcd_Write_Char   text26       187B
__end_of_Lcd_Write_String text25       19A3
__end_of__Umul8_16        text10       197B
__end_of___awdiv          text4        1C45
__end_of___awmod          text3        1B76
__end_of___fladd          text19       1800
__end_of___fldiv          text24       2000
__end_of___fleq           text22       1A7A
__end_of___flge           text21       1D76
__end_of___flmul          text9        0487
__end_of___flneg          text20       1891
__end_of___flsub          text18       192F
__end_of___fltol          text17       0142
__end_of___lldiv          text16       1BDC
__end_of___llmod          text15       1B1D
__end_of___lwdiv          text8        19E7
__end_of___lwmod          text7        103A
__end_of___wmul           text14       1954
__end_of___xxtofl         text13       10F2
__end_of__div_to_l_       text12       11AA
__end_of__initialization  cinit        07FC
__end_of__npowers_        strings      007B
__end_of__powers_         strings      0047
__end_of__stringtab       strings      0013
__end_of__tdiv_to_l_      text11       1E2D
__end_of_dpowers          strings      00A3
__end_of_fround           text6        15A8
__end_of_isdigit          text5        0816
__end_of_main             maintext     139D
__end_of_scale            text2        07E6
__end_of_setup            text23       18D1
__end_of_sprintf          text1        1000
__initialization          cinit        07E6
__npowers_                strings      0047
__pbssBANK0               bssBANK0     006E
__pbssBANK1               bssBANK1     00C9
__pbssBANK3               bssBANK3     0190
__pcstackBANK0            cstackBANK0  0020
__pcstackBANK1            cstackBANK1  00A0
__pcstackCOMMON           cstackCOMMON 0070
__pmaintext               maintext     11AA
__powers_                 strings      0013
__pstrings                strings      0003
__ptext1                  text1        0816
__ptext10                 text10       1954
__ptext11                 text11       1D76
__ptext12                 text12       10F2
__ptext13                 text13       103A
__ptext14                 text14       192F
__ptext15                 text15       1AC9
__ptext16                 text16       1B76
__ptext17                 text17       00CA
__ptext18                 text18       190B
__ptext19                 text19       15A8
__ptext2                  text2        0487
__ptext20                 text20       1886
__ptext21                 text21       1CD4
__ptext22                 text22       1A2C
__ptext23                 text23       18B8
__ptext24                 text24       1E2D
__ptext25                 text25       197B
__ptext26                 text26       1871
__ptext27                 text27       19E7
__ptext28                 text28       1C45
__ptext29                 text29       18D1
__ptext3                  text3        1B1D
__ptext30                 text30       1A7A
__ptext31                 text31       189F
__ptext32                 text32       1891
__ptext33                 text33       1867
__ptext34                 text34       185D
__ptext35                 text35       187B
__ptext36                 text36       18EC
__ptext4                  text4        1BDC
__ptext5                  text5        0804
__ptext6                  text6        139D
__ptext7                  text7        1000
__ptext8                  text8        19A3
__ptext9                  text9        0142
__stringbase              strings      0012
__stringtab               strings      0003
__tdiv_to_l_              text11       1D76
__tdiv_to_l_@cntr         cstackBANK0  0024
__tdiv_to_l_@exp1         cstackBANK0  0025
__tdiv_to_l_@f1           cstackCOMMON 0070
__tdiv_to_l_@f2           cstackCOMMON 0074
__tdiv_to_l_@quot         cstackBANK0  0020
_dist                     bssBANK1     00DB
_dpowers                  strings      007B
_fround                   text6        139D
_fround$1123              cstackBANK0  004D
_fround$1124              cstackBANK0  0049
_isdigit                  text5        0804
_isdigit$902              cstackCOMMON 0070
_led                      bssBANK1     00D7
_main                     maintext     11AA
_motor                    bssBANK1     00D5
_pot1                     bssBANK1     00DD
_pot2                     bssBANK1     00DC
_scale                    text2        0487
_scale$1125               cstackBANK0  004C
_setup                    text23       18B8
_sprintf                  text1        0816
_sprintf$1126             cstackBANK1  00AA
_temp                     bssBANK1     00CD
_valor                    bssBANK3     01A4
btemp                     (abs)        007E
clear_ram0                clrtext      00C2
end_of_initialization     cinit        07FC
fround@prec               cstackBANK0  0051
intlevel0                 functab      0000
intlevel1                 functab      0000
intlevel2                 functab      0000
intlevel3                 functab      0000
intlevel4                 functab      0000
intlevel5                 functab      0000
isdigit@c                 cstackCOMMON 0071
reset_vec                 reset_vec    0000
scale@scl                 cstackBANK0  0050
sprintf@ap                cstackBANK1  00AE
sprintf@c                 cstackBANK1  00C4
sprintf@eexp              cstackBANK1  00B7
sprintf@f                 cstackBANK1  00A0
sprintf@flag              cstackBANK1  00B9
sprintf@fval              cstackBANK1  00BD
sprintf@prec              cstackBANK1  00C1
sprintf@sp                cstackBANK1  00C3
sprintf@tmpval            cstackBANK1  00B3
sprintf@val               cstackBANK1  00AF
sprintf@width             cstackBANK1  00BB
start                     init         0000
start_initialization      cinit        07E6
wtemp0                    (abs)        007E


MODULE INFORMATION

Module		Function		Class		Link	Load	Size
C:\Program Files\Microchip\xc8\v2.40\pic\sources\c90\common\fltol.c
		___fltol       		CODE           	00CA	0000	120

C:\Program Files\Microchip\xc8\v2.40\pic\sources\c90\common\fltol.c estimated size: 120

Proyecto1_Master.c
		_main          		CODE           	11AA	0000	499
		_setup         		CODE           	18B8	0000	25

Proyecto1_Master.c estimated size: 524

C:\Program Files\Microchip\xc8\v2.40\pic\sources\c90\common\awdiv.c
		___awdiv       		CODE           	1BDC	0000	105

C:\Program Files\Microchip\xc8\v2.40\pic\sources\c90\common\awdiv.c estimated size: 105

i2c.c
		_I2C_Init_Master		CODE           	18EC	0000	31
		_I2C_Write     		CODE           	1891	0000	14
		_I2C_Stop      		CODE           	1867	0000	10
		_I2C_Read      		CODE           	187B	0000	11
		_I2C_Start     		CODE           	185D	0000	10

i2c.c estimated size: 76

C:\Program Files\Microchip\xc8\v2.40\pic\sources\c90\common\sprcmul.c
		___flmul       		CODE           	0142	0000	837

C:\Program Files\Microchip\xc8\v2.40\pic\sources\c90\common\sprcmul.c estimated size: 837

C:\Program Files\Microchip\xc8\v2.40\pic\sources\c90\common\__lldiv.c
		___lldiv       		CODE           	1B76	0000	102

C:\Program Files\Microchip\xc8\v2.40\pic\sources\c90\common\__lldiv.c estimated size: 102

C:\Program Files\Microchip\xc8\v2.40\pic\sources\c90\common\flneg.c
		___flneg       		CODE           	1886	0000	11

C:\Program Files\Microchip\xc8\v2.40\pic\sources\c90\common\flneg.c estimated size: 11

C:\Program Files\Microchip\xc8\v2.40\pic\sources\c90\common\sprcdiv.c
		___fldiv       		CODE           	1E2D	0000	467

C:\Program Files\Microchip\xc8\v2.40\pic\sources\c90\common\sprcdiv.c estimated size: 467

C:\Program Files\Microchip\xc8\v2.40\pic\sources\c90\common\fleq.c
		___fleq        		CODE           	1A2C	0000	78

C:\Program Files\Microchip\xc8\v2.40\pic\sources\c90\common\fleq.c estimated size: 78

C:\Program Files\Microchip\xc8\v2.40\pic\sources\c90\common\Umul8_16.c
		__Umul8_16     		CODE           	1954	0000	39

C:\Program Files\Microchip\xc8\v2.40\pic\sources\c90\common\Umul8_16.c estimated size: 39

C:\Program Files\Microchip\xc8\v2.40\pic\sources\c90\common\doprnt.c
		_scale         		CODE           	0487	0000	863
		_sprintf       		CODE           	0816	0000	2026
		_fround        		CODE           	139D	0000	523

C:\Program Files\Microchip\xc8\v2.40\pic\sources\c90\common\doprnt.c estimated size: 3412

C:\Program Files\Microchip\xc8\v2.40\pic\sources\c90\common\ftdivl.c
		__tdiv_to_l_   		CODE           	1D76	0000	183

C:\Program Files\Microchip\xc8\v2.40\pic\sources\c90\common\ftdivl.c estimated size: 183

C:\Program Files\Microchip\xc8\v2.40\pic\sources\c90\common\Umul16.c
		___wmul        		CODE           	192F	0000	37

C:\Program Files\Microchip\xc8\v2.40\pic\sources\c90\common\Umul16.c estimated size: 37

C:\Program Files\Microchip\xc8\v2.40\pic\sources\c90\common\lwmod.c
		___lwmod       		CODE           	1000	0000	58

C:\Program Files\Microchip\xc8\v2.40\pic\sources\c90\common\lwmod.c estimated size: 58

shared
		__stringtab    		STRING         	0003	0000	16
		__powers_      		STRING         	0013	0000	52
		_dpowers       		STRING         	007B	0000	40
		__npowers_     		STRING         	0047	0000	52
		__initialization		CODE           	07E6	0000	22

shared estimated size: 182

C:\Program Files\Microchip\xc8\v2.40\pic\sources\c90\common\llmod.c
		___llmod       		CODE           	1AC9	0000	84

C:\Program Files\Microchip\xc8\v2.40\pic\sources\c90\common\llmod.c estimated size: 84

C:\Program Files\Microchip\xc8\v2.40\pic\sources\c90\common\isdigit.c
		_isdigit       		CODE           	0804	0000	18

C:\Program Files\Microchip\xc8\v2.40\pic\sources\c90\common\isdigit.c estimated size: 18

LCDi2c.c
		_Lcd_Write_String		CODE           	197B	0000	40
		_Lcd_Init      		CODE           	1C45	0000	143
		_Lcd_Write_Char		CODE           	1871	0000	10
		_Lcd_Send_Byte 		CODE           	18D1	0000	27
		_Lcd_I2C_Write 		CODE           	189F	0000	25
		_Lcd_Set_Cursor		CODE           	19E7	0000	69
		_Lcd_Port      		CODE           	1A7A	0000	79

LCDi2c.c estimated size: 393

C:\Program Files\Microchip\xc8\v2.40\pic\sources\c90\common\sprcadd.c
		___flsub       		CODE           	190B	0000	36
		___fladd       		CODE           	15A8	0000	600

C:\Program Files\Microchip\xc8\v2.40\pic\sources\c90\common\sprcadd.c estimated size: 636

C:\Program Files\Microchip\xc8\v2.40\pic\sources\c90\common\awmod.c
		___awmod       		CODE           	1B1D	0000	89

C:\Program Files\Microchip\xc8\v2.40\pic\sources\c90\common\awmod.c estimated size: 89

C:\Program Files\Microchip\xc8\v2.40\pic\sources\c90\common\flge.c
		___flge        		CODE           	1CD4	0000	162

C:\Program Files\Microchip\xc8\v2.40\pic\sources\c90\common\flge.c estimated size: 162

C:\Program Files\Microchip\xc8\v2.40\pic\sources\c90\common\fldivl.c
		__div_to_l_    		CODE           	10F2	0000	184

C:\Program Files\Microchip\xc8\v2.40\pic\sources\c90\common\fldivl.c estimated size: 184

C:\Program Files\Microchip\xc8\v2.40\pic\sources\c90\common\lwdiv.c
		___lwdiv       		CODE           	19A3	0000	68

C:\Program Files\Microchip\xc8\v2.40\pic\sources\c90\common\lwdiv.c estimated size: 68

C:\Program Files\Microchip\xc8\v2.40\pic\sources\c90\common\xxtofl.c
		___xxtofl      		CODE           	103A	0000	184

C:\Program Files\Microchip\xc8\v2.40\pic\sources\c90\common\xxtofl.c estimated size: 184

