Microchip MPLAB XC8 Compiler V2.41

Linker command line:

-W-3 \
  --edf=C:/Program Files/Microchip/MPLABX/v6.10/packs/Microchip/PIC16Fxxx_DFP/1.4.149/xc8\pic\dat\20230322214319_en.msgs \
  -cn -h+dist/default/production\L3_Master.X.production.sym \
  --cmf=dist/default/production\L3_Master.X.production.cmf -z -Q16F887 \
  -oC:\Users\rodri\AppData\Local\Temp\xcAs2gk.\driver_tmp_3.o \
  --defsym=__MPLAB_BUILD=1 --fixupoverflow=error \
  -Mdist/default/production/L3_Master.X.production.map \
  --md=C:\Users\rodri\AppData\Local\Temp\xcAs2gk.\driver_tmp_0.dat -E1 \
  -ver=XC8 Compiler --acfsm=1493 -ACODE=00h-07FFhx4 -ASTRCODE=00h-01FFFh \
  -ASTRING=00h-0FFhx32 -ACONST=00h-0FFhx32 -AENTRY=00h-0FFhx32 \
  -ACOMMON=070h-07Fh -ABANK0=020h-06Fh -ABANK1=0A0h-0EFh \
  -ABANK2=0110h-016Fh -ABANK3=0190h-01EFh \
  -ARAM=020h-06Fh,0A0h-0EFh,0110h-016Fh,0190h-01EFh \
  -AABS1=020h-07Fh,0A0h-0EFh,0110h-016Fh,0190h-01EFh -ASFR0=00h-01Fh \
  -ASFR1=080h-09Fh -ASFR2=0100h-010Fh -ASFR3=0180h-018Fh \
  -ACONFIG=02007h-02008h -DCONFIG=2 -AIDLOC=02000h-02003h -DIDLOC=2 \
  -AEEDATA=00h-0FFh/02100h -peeprom_data=EEDATA -DEEDATA=2 -DCODE=2 \
  -DSTRCODE=2 -DSTRING=2 -DCONST=2 -DENTRY=2 \
  -preset_vec=00h,intentry,init,end_init -ppowerup=CODE -pcinit=CODE \
  -pfunctab=ENTRY -k \
  C:\Users\rodri\AppData\Local\Temp\xcAs2gk.\driver_tmp_17.o \
  dist/default/production\L3_Master.X.production.o 

Object code version is 3.11

Machine type is 16F887



                Name                               Link     Load   Length Selector   Space Scale
C:\Users\rodri\AppData\Local\Temp\xcAs2gk.\driver_tmp_17.o
                end_init                              0        0        3        0       0
                config                             2007     2007        2        0       4
dist/default/production\L3_Master.X.production.o
                cinit                               7E7      7E7       19      FCE       0
                config                             2007     2007        2        0       4
                text35                             1958     1958        6     32B0       0
                text34                             19C5     19C5       1A     338A       0
                text33                             1BA3     1BA3       56     3746       0
                text32                             19DF     19DF       1C     33BE       0
                text31                             1999     1999       16     3332       0
                text30                             1AC9     1AC9       42     3592       0
                text29                             1112     1112      239     2224       0
                text28                             1A68     1A68       27     34D0       0
                text27                              95C      95C      345     12B8       0
                text26                             134B     134B      258     2696       0
                text25                             19FB     19FB       24     33F6       0
                text24                               52       52      141       A4       0
                text23                             19AF     19AF       16     335E       0
                text22                             1A1F     1A1F       24     343E       0
                text21                             1964     1964        7     32C8       0
                text20                             1973     1973        9     32E6       0
                text19                             195E     195E        6     32BC       0
                text18                                4        4       4E        8       0
                text17                              802      802       A2     1004       0
                text16                             197C     197C        B     32F8       0
                text15                             1CC6     1CC6       78     398C       0
                text14                             1BF9     1BF9       66     37F2       0
                text13                             1B4F     1B4F       54     369E       0
                text12                             1A43     1A43       25     3486       0
                text11                             105A     105A       B8     20B4       0
                text10                              8A4      8A4       B8     1148       0
                text9                              1D3E     1D3E       B7     3A7C       0
                text8                              1B0B     1B0B       44     3616       0
                text7                              1A8F     1A8F       3A     351E       0
                text6                              1DF5     1DF5      20B     3BEA       0
                text5                              1987     1987       12     330E       0
                text4                              1C5F     1C5F       67     38BE       0
                text3                              1001     1001       59     2002       0
                text2                               CA1      CA1      35F     1942       0
                text1                               193      193      654      326       0
                maintext                           15A3     15A3      25D     2B46       0
                cstackBANK0                          20       20       4F       20       1
                cstackCOMMON                         70       70        E       70       1
                cstackBANK1                          A0       A0       31       A0       1
                clrtext                            196B     196B        8     32D6       0
                bssBANK3                            190      190       3C      190       1
                bssBANK1                             D1       D1       14       A0       1
                bssBANK0                             6F       6F        1       20       1
                strings                            1800     1800       B1     3000       0

TOTAL           Name                               Link     Load   Length     Space
        CLASS   CODE           
                end_init                              0        0        3         0
                cinit                               7E7      7E7       19         0
                text35                             1958     1958        6         0
                text34                             19C5     19C5       1A         0
                text33                             1BA3     1BA3       56         0
                text32                             19DF     19DF       1C         0
                text31                             1999     1999       16         0
                text30                             1AC9     1AC9       42         0
                text29                             1112     1112      239         0
                text28                             1A68     1A68       27         0
                text27                              95C      95C      345         0
                text26                             134B     134B      258         0
                text25                             19FB     19FB       24         0
                text24                               52       52      141         0
                text23                             19AF     19AF       16         0
                text22                             1A1F     1A1F       24         0
                text21                             1964     1964        7         0
                text20                             1973     1973        9         0
                text19                             195E     195E        6         0
                text18                                4        4       4E         0
                text17                              802      802       A2         0
                text16                             197C     197C        B         0
                text15                             1CC6     1CC6       78         0
                text14                             1BF9     1BF9       66         0
                text13                             1B4F     1B4F       54         0
                text12                             1A43     1A43       25         0
                text11                             105A     105A       B8         0
                text10                              8A4      8A4       B8         0
                text9                              1D3E     1D3E       B7         0
                text8                              1B0B     1B0B       44         0
                text7                              1A8F     1A8F       3A         0
                text6                              1DF5     1DF5      20B         0
                text5                              1987     1987       12         0
                text4                              1C5F     1C5F       67         0
                text3                              1001     1001       59         0
                text2                               CA1      CA1      35F         0
                text1                               193      193      654         0
                maintext                           15A3     15A3      25D         0
                clrtext                            196B     196B        8         0

        CLASS   STRCODE        

        CLASS   STRING         
                strings                            1800     1800       B1         0

        CLASS   CONST          

        CLASS   ENTRY          

        CLASS   COMMON         
                cstackCOMMON                         70       70        E         1

        CLASS   BANK0          
                cstackBANK0                          20       20       4F         1
                bssBANK0                             6F       6F        1         1

        CLASS   BANK1          
                cstackBANK1                          A0       A0       31         1
                bssBANK1                             D1       D1       14         1

        CLASS   BANK2          

        CLASS   BANK3          
                bssBANK3                            190      190       3C         1

        CLASS   RAM            

        CLASS   ABS1           
                abs_s1                               7E       7E        2         1

        CLASS   SFR0           

        CLASS   SFR1           

        CLASS   SFR2           

        CLASS   SFR3           

        CLASS   CONFIG         
                config                             2007     2007        2         4

        CLASS   IDLOC          

        CLASS   EEDATA         

        CLASS   STACK          



SEGMENTS        Name                           Load    Length   Top    Selector   Space  Class     Delta

                reset_vec                      000000  000003  000003         0       0  CODE        2
                text18                         000004  00004E  000052         8       0  CODE        2
                cstackBANK0                    000020  000050  000070        20       1  BANK0       1
                cstackCOMMON                   000070  00000E  00007E        70       1  COMMON      1
                cstackBANK1                    0000A0  000045  0000E5        A0       1  BANK1       1
                text24                         000052  000141  000193        A4       0  CODE        2
                bssBANK3                       000190  00003C  0001CC       190       1  BANK3       1
                text1                          000193  000654  0007E7       326       0  CODE        2
                cinit                          0007E7  000019  000800       FCE       0  CODE        2
                text17                         000802  0000A2  0008A4      1004       0  CODE        2
                text10                         0008A4  0000B8  00095C      1148       0  CODE        2
                text27                         00095C  000345  000CA1      12B8       0  CODE        2
                text2                          000CA1  00035F  001000      1942       0  CODE        2
                text3                          001001  000059  00105A      2002       0  CODE        2
                text11                         00105A  0000B8  001112      20B4       0  CODE        2
                text29                         001112  000239  00134B      2224       0  CODE        2
                text26                         00134B  000258  0015A3      2696       0  CODE        2
                maintext                       0015A3  00025D  001800      2B46       0  CODE        2
                strings                        001800  0000B1  0018B1      3000       0  STRING      2
                text35                         001958  000006  00195E      32B0       0  CODE        2
                text19                         00195E  000006  001964      32BC       0  CODE        2
                text21                         001964  000007  00196B      32C8       0  CODE        2
                clrtext                        00196B  000008  001973      32D6       0  CODE        2
                text20                         001973  000009  00197C      32E6       0  CODE        2
                text16                         00197C  00000B  001987      32F8       0  CODE        2
                text5                          001987  000012  001999      330E       0  CODE        2
                text31                         001999  000016  0019AF      3332       0  CODE        2
                text23                         0019AF  000016  0019C5      335E       0  CODE        2
                text34                         0019C5  00001A  0019DF      338A       0  CODE        2
                text32                         0019DF  00001C  0019FB      33BE       0  CODE        2
                text25                         0019FB  000024  001A1F      33F6       0  CODE        2
                text22                         001A1F  000024  001A43      343E       0  CODE        2
                text12                         001A43  000025  001A68      3486       0  CODE        2
                text28                         001A68  000027  001A8F      34D0       0  CODE        2
                text7                          001A8F  00003A  001AC9      351E       0  CODE        2
                text30                         001AC9  000042  001B0B      3592       0  CODE        2
                text8                          001B0B  000044  001B4F      3616       0  CODE        2
                text13                         001B4F  000054  001BA3      369E       0  CODE        2
                text33                         001BA3  000056  001BF9      3746       0  CODE        2
                text14                         001BF9  000066  001C5F      37F2       0  CODE        2
                text4                          001C5F  000067  001CC6      38BE       0  CODE        2
                text15                         001CC6  000078  001D3E      398C       0  CODE        2
                text9                          001D3E  0000B7  001DF5      3A7C       0  CODE        2
                text6                          001DF5  00020B  002000      3BEA       0  CODE        2


UNUSED ADDRESS RANGES

        Name                Unused          Largest block    Delta
        BANK1            00E5-00EF              B           1
        BANK2            0110-016F             60           1
        BANK3            01CC-01EF             24           1
        CODE             0003-0003              1           2
                         0800-0801              2
                         1000-1000              1
                         18B1-1957             A7
        CONST            0003-0003              1           2
                         0800-0801              2
                         1000-1000              1
                         18B1-1957             4F
        EEDATA           2100-21FF            100           2
        ENTRY            0003-0003              1           2
                         0800-0801              2
                         1000-1000              1
                         18B1-1957             4F
        IDLOC            2000-2003              4           2
        RAM              00E5-00EF              B           1
                         0110-016F             60
                         01CC-01EF             24
        SFR0             0000-001F             20           1
        SFR1             0080-009F             20           1
        SFR2             0100-010F             10           1
        SFR3             0180-018F             10           1
        STRCODE          0003-0003              1           2
                         0800-0801              2
                         1000-1000              1
                         18B1-1957             A7
        STRING           0003-0003              1           2
                         0800-0801              2
                         1000-1000              1
                         18B1-1957             4F

                                  Symbol Table

?__Umul8_16               cstackCOMMON 0070
?___awdiv                 cstackCOMMON 0070
?___awmod                 cstackCOMMON 0078
?___fladd                 cstackBANK0  004E
?___fldiv                 cstackBANK1  00A0
?___flmul                 cstackBANK0  0020
?___flneg                 cstackCOMMON 0070
?___flsub                 cstackBANK0  0062
?___fltol                 cstackBANK0  004D
?___lldiv                 cstackCOMMON 0070
?___llmod                 cstackCOMMON 0070
?___lwdiv                 cstackCOMMON 0075
?___lwmod                 cstackCOMMON 0070
?___wmul                  cstackCOMMON 0070
?___xxtofl                cstackCOMMON 0070
?__div_to_l_              cstackCOMMON 0070
?__tdiv_to_l_             cstackCOMMON 0070
?_fround                  cstackBANK0  003A
?_map                     cstackBANK1  00B5
?_scale                   cstackBANK0  003A
?_sprintf                 cstackBANK0  006A
Lcd_Cmd@a                 cstackCOMMON 0073
Lcd_Port@a                cstackCOMMON 0070
Lcd_Set_Cursor@a          cstackCOMMON 0075
Lcd_Set_Cursor@b          cstackCOMMON 0074
Lcd_Write_Char@a          cstackCOMMON 0072
Lcd_Write_String@a        cstackCOMMON 0073
Lcd_Write_String@i        cstackCOMMON 0078
_ANSEL                    (abs)        0188
_ANSELH                   (abs)        0189
_Lcd_Cmd                  text34       19C5
_Lcd_Init                 text33       1BA3
_Lcd_Port                 text35       1958
_Lcd_Set_Cursor           text32       19DF
_Lcd_Write_Char           text31       1999
_Lcd_Write_String         text30       1AC9
_PORTB                    (abs)        0006
_PORTCbits                (abs)        0007
_PORTD                    (abs)        0008
_PORTE                    (abs)        0009
_RE0                      (abs)        0048
_RE1                      (abs)        0049
_SSPBUF                   (abs)        0013
_SSPCON                   (abs)        0014
_SSPSTAT                  (abs)        0094
_SSPSTATbits              (abs)        0094
_TRISB                    (abs)        0086
_TRISC3                   (abs)        043B
_TRISC5                   (abs)        043D
_TRISC6                   (abs)        043E
_TRISC7                   (abs)        043F
_TRISD                    (abs)        0088
_TRISE                    (abs)        0089
__H__absolute__           __absolute__ 0000
__Habs1                   abs1         0000
__Hbank0                  bank0        0000
__Hbank1                  bank1        0000
__Hbank2                  bank2        0000
__Hbank3                  bank3        0000
__HbssBANK0               bssBANK0     0000
__HbssBANK1               bssBANK1     0000
__HbssBANK3               bssBANK3     0000
__Hcinit                  cinit        0800
__Hclrtext                clrtext      0000
__Hcode                   code         0000
__Hcommon                 common       0000
__Hconfig                 config       2009
__HcstackBANK0            cstackBANK0  0000
__HcstackBANK1            cstackBANK1  0000
__HcstackCOMMON           cstackCOMMON 0000
__Heeprom_data            eeprom_data  0000
__Hend_init               end_init     0003
__Hfunctab                functab      0000
__Hinit                   init         0000
__Hintentry               intentry     0000
__Hmaintext               maintext     0000
__Hpowerup                powerup      0000
__Hram                    ram          0000
__Hreset_vec              reset_vec    0000
__Hsfr0                   sfr0         0000
__Hsfr1                   sfr1         0000
__Hsfr2                   sfr2         0000
__Hsfr3                   sfr3         0000
__Hspace_0                (abs)        2000
__Hspace_1                (abs)        01CC
__Hspace_2                (abs)        0000
__Hspace_3                (abs)        0000
__Hspace_4                (abs)        4010
__Hstack                  stack        0000
__Hstrings                strings      0000
__Htext                   text         0000
__L__absolute__           __absolute__ 0000
__Labs1                   abs1         0000
__Lbank0                  bank0        0000
__Lbank1                  bank1        0000
__Lbank2                  bank2        0000
__Lbank3                  bank3        0000
__LbssBANK0               bssBANK0     0000
__LbssBANK1               bssBANK1     0000
__LbssBANK3               bssBANK3     0000
__Lcinit                  cinit        07E7
__Lclrtext                clrtext      0000
__Lcode                   code         0000
__Lcommon                 common       0000
__Lconfig                 config       0000
__LcstackBANK0            cstackBANK0  0000
__LcstackBANK1            cstackBANK1  0000
__LcstackCOMMON           cstackCOMMON 0000
__Leeprom_data            eeprom_data  0000
__Lend_init               end_init     0000
__Lfunctab                functab      0000
__Linit                   init         0000
__Lintentry               intentry     0000
__Lmaintext               maintext     0000
__Lpowerup                powerup      0000
__Lram                    ram          0000
__Lreset_vec              reset_vec    0000
__Lsfr0                   sfr0         0000
__Lsfr1                   sfr1         0000
__Lsfr2                   sfr2         0000
__Lsfr3                   sfr3         0000
__Lspace_0                (abs)        0000
__Lspace_1                (abs)        0000
__Lspace_2                (abs)        0000
__Lspace_3                (abs)        0000
__Lspace_4                (abs)        0000
__Lstack                  stack        0000
__Lstrings                strings      0000
__Ltext                   text         0000
__S0                      (abs)        2000
__S1                      (abs)        01CC
__S3                      (abs)        0000
__Umul8_16                text28       1A68
__Umul8_16@multiplicand   cstackCOMMON 0070
__Umul8_16@multiplier     cstackCOMMON 0078
__Umul8_16@product        cstackCOMMON 0074
__Umul8_16@word_mpld      cstackCOMMON 0076
___awdiv                  text4        1C5F
___awdiv@counter          cstackCOMMON 0074
___awdiv@dividend         cstackCOMMON 0072
___awdiv@divisor          cstackCOMMON 0070
___awdiv@quotient         cstackCOMMON 0076
___awdiv@sign             cstackCOMMON 0075
___awmod                  text3        1001
___awmod@counter          cstackCOMMON 007C
___awmod@dividend         cstackCOMMON 007A
___awmod@divisor          cstackCOMMON 0078
___awmod@sign             cstackCOMMON 007D
___fladd                  text26       134B
___fladd@a                cstackBANK0  0052
___fladd@aexp             cstackBANK0  005F
___fladd@b                cstackBANK0  004E
___fladd@bexp             cstackBANK0  0060
___fladd@grs              cstackBANK0  0061
___fladd@signs            cstackBANK0  005E
___fldiv                  text29       1112
___fldiv@a                cstackBANK1  00A0
___fldiv@aexp             cstackBANK1  00B4
___fldiv@b                cstackBANK1  00A4
___fldiv@bexp             cstackBANK1  00B3
___fldiv@grs              cstackBANK1  00AF
___fldiv@new_exp          cstackBANK1  00AD
___fldiv@rem              cstackBANK1  00A8
___fldiv@sign             cstackBANK1  00AC
___fleq                   text18       0004
___fleq@ff1               cstackCOMMON 0070
___fleq@ff2               cstackCOMMON 0074
___flge                   text17       0802
___flge@ff1               cstackCOMMON 0070
___flge@ff2               cstackCOMMON 0074
___flmul                  text27       095C
___flmul@a                cstackBANK0  0024
___flmul@aexp             cstackBANK0  0032
___flmul@b                cstackBANK0  0020
___flmul@bexp             cstackBANK0  0033
___flmul@grs              cstackBANK0  002E
___flmul@prod             cstackBANK0  0034
___flmul@sign             cstackBANK0  002D
___flmul@temp             cstackBANK0  0038
___flneg                  text16       197C
___flneg@f1               cstackCOMMON 0070
___flsub                  text25       19FB
___flsub@a                cstackBANK0  0062
___flsub@b                cstackBANK0  0066
___fltol                  text15       1CC6
___fltol@exp1             cstackBANK0  0056
___fltol@f1               cstackBANK0  004D
___fltol@sign1            cstackBANK0  0055
___int_sp                 stack        0000
___latbits                (abs)        0002
___lldiv                  text14       1BF9
___lldiv@counter          cstackCOMMON 007D
___lldiv@dividend         cstackCOMMON 0074
___lldiv@divisor          cstackCOMMON 0070
___lldiv@quotient         cstackCOMMON 0079
___llmod                  text13       1B4F
___llmod@counter          cstackCOMMON 0079
___llmod@dividend         cstackCOMMON 0074
___llmod@divisor          cstackCOMMON 0070
___lwdiv                  text8        1B0B
___lwdiv@counter          cstackCOMMON 007B
___lwdiv@dividend         cstackCOMMON 0077
___lwdiv@divisor          cstackCOMMON 0075
___lwdiv@quotient         cstackCOMMON 0079
___lwmod                  text7        1A8F
___lwmod@counter          cstackCOMMON 0074
___lwmod@dividend         cstackCOMMON 0072
___lwmod@divisor          cstackCOMMON 0070
___sp                     stack        0000
___stackhi                (abs)        0000
___stacklo                (abs)        0000
___wmul                   text12       1A43
___wmul@multiplicand      cstackCOMMON 0072
___wmul@multiplier        cstackCOMMON 0070
___wmul@product           cstackCOMMON 0074
___xxtofl                 text11       105A
___xxtofl@arg             cstackCOMMON 007A
___xxtofl@exp             cstackCOMMON 0079
___xxtofl@sign            cstackCOMMON 0078
___xxtofl@val             cstackCOMMON 0070
__div_to_l_               text10       08A4
__div_to_l_@cntr          cstackBANK0  0024
__div_to_l_@exp1          cstackBANK0  0025
__div_to_l_@f1            cstackCOMMON 0070
__div_to_l_@f2            cstackCOMMON 0074
__div_to_l_@quot          cstackBANK0  0020
__end_of_Lcd_Cmd          text34       19DF
__end_of_Lcd_Init         text33       1BF9
__end_of_Lcd_Port         text35       195E
__end_of_Lcd_Set_Cursor   text32       19FB
__end_of_Lcd_Write_Char   text31       19AF
__end_of_Lcd_Write_String text30       1B0B
__end_of__Umul8_16        text28       1A8F
__end_of___awdiv          text4        1CC6
__end_of___awmod          text3        105A
__end_of___fladd          text26       15A3
__end_of___fldiv          text29       134B
__end_of___fleq           text18       0052
__end_of___flge           text17       08A4
__end_of___flmul          text27       0CA1
__end_of___flneg          text16       1987
__end_of___flsub          text25       1A1F
__end_of___fltol          text15       1D3E
__end_of___lldiv          text14       1C5F
__end_of___llmod          text13       1BA3
__end_of___lwdiv          text8        1B4F
__end_of___lwmod          text7        1AC9
__end_of___wmul           text12       1A68
__end_of___xxtofl         text11       1112
__end_of__div_to_l_       text10       095C
__end_of__initialization  cinit        07FC
__end_of__npowers_        strings      1878
__end_of__powers_         strings      1844
__end_of__stringtab       strings      1810
__end_of__tdiv_to_l_      text9        1DF5
__end_of_dpowers          strings      18A0
__end_of_fround           text6        2000
__end_of_isdigit          text5        1999
__end_of_main             maintext     1800
__end_of_map              text24       0193
__end_of_scale            text2        1000
__end_of_setup            text22       1A43
__end_of_spiInit          text23       19C5
__end_of_spiRead          text20       197C
__end_of_spiReceiveWait   text21       196B
__end_of_spiWrite         text19       1964
__end_of_sprintf          text1        07E7
__initialization          cinit        07E7
__npowers_                strings      1844
__pbssBANK0               bssBANK0     006F
__pbssBANK1               bssBANK1     00D1
__pbssBANK3               bssBANK3     0190
__pcstackBANK0            cstackBANK0  0020
__pcstackBANK1            cstackBANK1  00A0
__pcstackCOMMON           cstackCOMMON 0070
__pmaintext               maintext     15A3
__powers_                 strings      1810
__pstrings                strings      1800
__ptext1                  text1        0193
__ptext10                 text10       08A4
__ptext11                 text11       105A
__ptext12                 text12       1A43
__ptext13                 text13       1B4F
__ptext14                 text14       1BF9
__ptext15                 text15       1CC6
__ptext16                 text16       197C
__ptext17                 text17       0802
__ptext18                 text18       0004
__ptext19                 text19       195E
__ptext2                  text2        0CA1
__ptext20                 text20       1973
__ptext21                 text21       1964
__ptext22                 text22       1A1F
__ptext23                 text23       19AF
__ptext24                 text24       0052
__ptext25                 text25       19FB
__ptext26                 text26       134B
__ptext27                 text27       095C
__ptext28                 text28       1A68
__ptext29                 text29       1112
__ptext3                  text3        1001
__ptext30                 text30       1AC9
__ptext31                 text31       1999
__ptext32                 text32       19DF
__ptext33                 text33       1BA3
__ptext34                 text34       19C5
__ptext35                 text35       1958
__ptext4                  text4        1C5F
__ptext5                  text5        1987
__ptext6                  text6        1DF5
__ptext7                  text7        1A8F
__ptext8                  text8        1B0B
__ptext9                  text9        1D3E
__stringbase              strings      180F
__stringtab               strings      1800
__tdiv_to_l_              text9        1D3E
__tdiv_to_l_@cntr         cstackBANK0  0024
__tdiv_to_l_@exp1         cstackBANK0  0025
__tdiv_to_l_@f1           cstackCOMMON 0070
__tdiv_to_l_@f2           cstackCOMMON 0074
__tdiv_to_l_@quot         cstackBANK0  0020
_centenas                 bssBANK1     00E3
_cont                     bssBANK0     006F
_decenas                  bssBANK1     00E2
_dpowers                  strings      1878
_fround                   text6        1DF5
_fround$1010              cstackBANK0  0049
_fround$1011              cstackBANK0  0045
_isdigit                  text5        1987
_isdigit$819              cstackCOMMON 0070
_main                     maintext     15A3
_map                      text24       0052
_map$1009                 cstackBANK1  00C9
_pot_slave1               bssBANK1     00DD
_pot_slave2               bssBANK1     00D9
_scale                    text2        0CA1
_scale$1012               cstackBANK0  0048
_setup                    text22       1A1F
_spiInit                  text23       19AF
_spiRead                  text20       1973
_spiReceiveWait           text21       1964
_spiWrite                 text19       195E
_sprintf                  text1        0193
_sprintf$1013             cstackBANK1  00A5
_unidad                   bssBANK1     00E1
_val_s1                   bssBANK3     01B8
_val_s2                   bssBANK3     01A4
_voltaje_s1               bssBANK1     00D5
_voltaje_s2               bssBANK1     00D1
btemp                     (abs)        007E
clear_ram0                clrtext      196B
end_of_initialization     cinit        07FC
fround@prec               cstackBANK0  004D
intlevel0                 functab      0000
intlevel1                 functab      0000
intlevel2                 functab      0000
intlevel3                 functab      0000
intlevel4                 functab      0000
intlevel5                 functab      0000
isdigit@c                 cstackCOMMON 0071
map@in_max                cstackBANK1  00BD
map@in_min                cstackBANK1  00B9
map@out_max               cstackBANK1  00C5
map@out_min               cstackBANK1  00C1
map@x                     cstackBANK1  00B5
reset_vec                 reset_vec    0000
scale@scl                 cstackBANK0  004C
spiInit@sClockIdle        cstackCOMMON 0071
spiInit@sDataSample       cstackCOMMON 0070
spiInit@sTransmitEdge     cstackCOMMON 0072
spiInit@sType             cstackCOMMON 0073
spiWrite@dat              cstackCOMMON 0070
sprintf@ap                cstackBANK1  00A9
sprintf@c                 cstackBANK1  00BD
sprintf@eexp              cstackBANK1  00B0
sprintf@f                 cstackBANK0  006A
sprintf@flag              cstackBANK1  00AA
sprintf@fval              cstackBANK1  00B9
sprintf@prec              cstackBANK1  00B7
sprintf@sp                cstackBANK1  00B6
sprintf@tmpval            cstackBANK1  00B2
sprintf@val               cstackBANK1  00AC
start                     init         0000
start_initialization      cinit        07E7
wtemp0                    (abs)        007E


MODULE INFORMATION

Module		Function		Class		Link	Load	Size
C:\Program Files\Microchip\xc8\v2.41\pic\sources\c90\common\sprcmul.c
		___flmul       		CODE           	095C	0000	837

C:\Program Files\Microchip\xc8\v2.41\pic\sources\c90\common\sprcmul.c estimated size: 837

C:\Program Files\Microchip\xc8\v2.41\pic\sources\c90\common\flge.c
		___flge        		CODE           	0802	0000	162

C:\Program Files\Microchip\xc8\v2.41\pic\sources\c90\common\flge.c estimated size: 162

C:\Program Files\Microchip\xc8\v2.41\pic\sources\c90\common\sprcdiv.c
		___fldiv       		CODE           	1112	0000	569

C:\Program Files\Microchip\xc8\v2.41\pic\sources\c90\common\sprcdiv.c estimated size: 569

postlab_master.c
		_map           		CODE           	0052	0000	321
		_main          		CODE           	15A3	0000	605
		_setup         		CODE           	1A1F	0000	36

postlab_master.c estimated size: 962

C:\Program Files\Microchip\xc8\v2.41\pic\sources\c90\common\ftdivl.c
		__tdiv_to_l_   		CODE           	1D3E	0000	183

C:\Program Files\Microchip\xc8\v2.41\pic\sources\c90\common\ftdivl.c estimated size: 183

C:\Program Files\Microchip\xc8\v2.41\pic\sources\c90\common\Umul16.c
		___wmul        		CODE           	1A43	0000	37

C:\Program Files\Microchip\xc8\v2.41\pic\sources\c90\common\Umul16.c estimated size: 37

C:\Program Files\Microchip\xc8\v2.41\pic\sources\c90\common\lwdiv.c
		___lwdiv       		CODE           	1B0B	0000	68

C:\Program Files\Microchip\xc8\v2.41\pic\sources\c90\common\lwdiv.c estimated size: 68

C:\Program Files\Microchip\xc8\v2.41\pic\sources\c90\common\awdiv.c
		___awdiv       		CODE           	1C5F	0000	103

C:\Program Files\Microchip\xc8\v2.41\pic\sources\c90\common\awdiv.c estimated size: 103

C:\Program Files\Microchip\xc8\v2.41\pic\sources\c90\common\fltol.c
		___fltol       		CODE           	1CC6	0000	120

C:\Program Files\Microchip\xc8\v2.41\pic\sources\c90\common\fltol.c estimated size: 120

LCD8bits.c
		_Lcd_Write_String		CODE           	1AC9	0000	66
		_Lcd_Init      		CODE           	1BA3	0000	86
		_Lcd_Write_Char		CODE           	1999	0000	22
		_Lcd_Cmd       		CODE           	19C5	0000	26
		_Lcd_Set_Cursor		CODE           	19DF	0000	28
		_Lcd_Port      		CODE           	1958	0000	6

LCD8bits.c estimated size: 234

C:\Program Files\Microchip\xc8\v2.41\pic\sources\c90\common\__lldiv.c
		___lldiv       		CODE           	1BF9	0000	102

C:\Program Files\Microchip\xc8\v2.41\pic\sources\c90\common\__lldiv.c estimated size: 102

C:\Program Files\Microchip\xc8\v2.41\pic\sources\c90\common\isdigit.c
		_isdigit       		CODE           	1987	0000	18

C:\Program Files\Microchip\xc8\v2.41\pic\sources\c90\common\isdigit.c estimated size: 18

C:\Program Files\Microchip\xc8\v2.41\pic\sources\c90\common\sprcadd.c
		___flsub       		CODE           	19FB	0000	36
		___fladd       		CODE           	134B	0000	600

C:\Program Files\Microchip\xc8\v2.41\pic\sources\c90\common\sprcadd.c estimated size: 636

C:\Program Files\Microchip\xc8\v2.41\pic\sources\c90\common\fldivl.c
		__div_to_l_    		CODE           	08A4	0000	184

C:\Program Files\Microchip\xc8\v2.41\pic\sources\c90\common\fldivl.c estimated size: 184

C:\Program Files\Microchip\xc8\v2.41\pic\sources\c90\common\fleq.c
		___fleq        		CODE           	0004	0000	78

C:\Program Files\Microchip\xc8\v2.41\pic\sources\c90\common\fleq.c estimated size: 78

C:\Program Files\Microchip\xc8\v2.41\pic\sources\c90\common\xxtofl.c
		___xxtofl      		CODE           	105A	0000	184

C:\Program Files\Microchip\xc8\v2.41\pic\sources\c90\common\xxtofl.c estimated size: 184

C:\Program Files\Microchip\xc8\v2.41\pic\sources\c90\common\flneg.c
		___flneg       		CODE           	197C	0000	11

C:\Program Files\Microchip\xc8\v2.41\pic\sources\c90\common\flneg.c estimated size: 11

shared
		__stringtab    		STRING         	1800	0000	16
		__powers_      		STRING         	1810	0000	52
		_dpowers       		STRING         	1878	0000	40
		__npowers_     		STRING         	1844	0000	52
		__initialization		CODE           	07E7	0000	21

shared estimated size: 181

C:\Program Files\Microchip\xc8\v2.41\pic\sources\c90\common\Umul8_16.c
		__Umul8_16     		CODE           	1A68	0000	39

C:\Program Files\Microchip\xc8\v2.41\pic\sources\c90\common\Umul8_16.c estimated size: 39

SPI.c
		_spiWrite      		CODE           	195E	0000	6
		_spiInit       		CODE           	19AF	0000	22
		_spiReceiveWait		CODE           	1964	0000	7
		_spiRead       		CODE           	1973	0000	9

SPI.c estimated size: 44

C:\Program Files\Microchip\xc8\v2.41\pic\sources\c90\common\doprnt.c
		_scale         		CODE           	0CA1	0000	863
		_sprintf       		CODE           	0193	0000	1620
		_fround        		CODE           	1DF5	0000	523

C:\Program Files\Microchip\xc8\v2.41\pic\sources\c90\common\doprnt.c estimated size: 3006

C:\Program Files\Microchip\xc8\v2.41\pic\sources\c90\common\lwmod.c
		___lwmod       		CODE           	1A8F	0000	58

C:\Program Files\Microchip\xc8\v2.41\pic\sources\c90\common\lwmod.c estimated size: 58

C:\Program Files\Microchip\xc8\v2.41\pic\sources\c90\common\awmod.c
		___awmod       		CODE           	1001	0000	89

C:\Program Files\Microchip\xc8\v2.41\pic\sources\c90\common\awmod.c estimated size: 89

C:\Program Files\Microchip\xc8\v2.41\pic\sources\c90\common\llmod.c
		___llmod       		CODE           	1B4F	0000	84

C:\Program Files\Microchip\xc8\v2.41\pic\sources\c90\common\llmod.c estimated size: 84

