******************************************************************************
                  TI ARM Linker PC v20.2.7                     
******************************************************************************
>> Linked Tue Nov 14 21:33:42 2023

OUTPUT FILE NAME:   <Proyecto3.out>
ENTRY POINT SYMBOL: "_c_int00_noargs"  address: 00000a39


MEMORY CONFIGURATION

         name            origin    length      used     unused   attr    fill
----------------------  --------  ---------  --------  --------  ----  --------
  FLASH                 00000000   00040000  00000c5a  0003f3a6  R  X
  SRAM                  20000000   00008000  00000210  00007df0  RW X


SEGMENT ALLOCATION MAP

run origin  load origin   length   init length attrs members
----------  ----------- ---------- ----------- ----- -------
00000000    00000000    00000c60   00000c60    r-x
  00000000    00000000    0000026c   0000026c    r-- .intvecs
  0000026c    0000026c    000008da   000008da    r-x .text
  00000b48    00000b48    000000fc   000000fc    r-- .const
  00000c48    00000c48    00000018   00000018    r-- .cinit
20000000    20000000    00000210   00000000    rw-
  20000000    20000000    00000200   00000000    rw- .stack
  20000200    20000200    00000010   00000000    rw- .data


SECTION ALLOCATION MAP

 output                                  attributes/
section   page    origin      length       input sections
--------  ----  ----------  ----------   ----------------
.intvecs   0    00000000    0000026c     
                  00000000    0000026c     tm4c123gh6pm_startup_ccs.obj (.intvecs)

.text      0    0000026c    000008da     
                  0000026c    00000288     main.obj (.text)
                  000004f4    00000132     driverlib.lib : gpio.obj (.text:GPIOPadConfigSet)
                  00000626    00000002     --HOLE-- [fill = 0]
                  00000628    00000110                   : sysctl.obj (.text:SysCtlClockGet)
                  00000738    000000f4                   : sysctl.obj (.text:SysCtlClockSet)
                  0000082c    0000009c     rtsv7M4_T_le_v4SPD16_eabi.lib : memcpy_t2.asm.obj (.text)
                  000008c8    00000068                                   : copy_decompress_lzss.c.obj (.text:decompress:lzss:__TI_decompress_lzss)
                  00000930    00000048     driverlib.lib : gpio.obj (.text:GPIOPinConfigure)
                  00000978    00000046                   : uart.obj (.text:UARTConfigSetExpClk)
                  000009be    00000002     --HOLE-- [fill = 0]
                  000009c0    00000044     rtsv7M4_T_le_v4SPD16_eabi.lib : autoinit.c.obj (.text:__TI_auto_init_nobinit_nopinit:__TI_auto_init_nobinit_nopinit)
                  00000a04    00000034     driverlib.lib : sysctl.obj (.text:SysCtlPeripheralEnable)
                  00000a38    00000034     rtsv7M4_T_le_v4SPD16_eabi.lib : boot_cortex_m.c.obj (.text:_c_int00_noargs:_c_int00_noargs)
                  00000a6c    0000002a     driverlib.lib : gpio.obj (.text:GPIODirModeSet)
                  00000a96    00000002     --HOLE-- [fill = 0]
                  00000a98    00000020                   : uart.obj (.text:UARTDisable)
                  00000ab8    00000018                   : gpio.obj (.text:GPIOPinTypeGPIOOutput)
                  00000ad0    00000014                   : uart.obj (.text:UARTEnable)
                  00000ae4    00000012                   : gpio.obj (.text:GPIOPinTypeGPIOInput)
                  00000af6    00000012                   : gpio.obj (.text:GPIOPinTypeUART)
                  00000b08    0000000e     rtsv7M4_T_le_v4SPD16_eabi.lib : copy_decompress_none.c.obj (.text:decompress:none:__TI_decompress_none)
                  00000b16    0000000c     tm4c123gh6pm_startup_ccs.obj (.text)
                  00000b22    0000000a     driverlib.lib : uart.obj (.text:UARTCharPut)
                  00000b2c    00000006                   : gpio.obj (.text:GPIOPinRead)
                  00000b32    00000006                   : gpio.obj (.text:GPIOPinWrite)
                  00000b38    00000006                   : sysctl.obj (.text:SysCtlDelay)
                  00000b3e    00000004     rtsv7M4_T_le_v4SPD16_eabi.lib : pre_init.c.obj (.text:_system_pre_init)
                  00000b42    00000004                                   : exit.c.obj (.text:abort:abort)

.const     0    00000b48    000000fc     
                  00000b48    00000090     driverlib.lib : gpio.obj (.const:g_pui32GPIOBaseAddrs)
                  00000bd8    0000006c                   : sysctl.obj (.const:g_pui32Xtals)

.cinit     0    00000c48    00000018     
                  00000c48    00000008     (__TI_handler_table)
                  00000c50    00000007     (.cinit..data.load) [load image, compression = lzss]
                  00000c57    00000001     --HOLE-- [fill = 0]
                  00000c58    00000008     (__TI_cinit_table)

.init_array 
*          0    00000000    00000000     UNINITIALIZED

.data      0    20000200    00000010     UNINITIALIZED
                  20000200    00000010     main.obj (.data)

.stack     0    20000000    00000200     UNINITIALIZED
                  20000000    00000004     rtsv7M4_T_le_v4SPD16_eabi.lib : boot_cortex_m.c.obj (.stack)
                  20000004    000001fc     --HOLE--

__llvm_prf_cnts 
*          0    20000000    00000000     UNINITIALIZED

MODULE SUMMARY

       Module                         code   ro data   rw data
       ------                         ----   -------   -------
    .\
       main.obj                       648    0         16     
       tm4c123gh6pm_startup_ccs.obj   12     620       0      
    +--+------------------------------+------+---------+---------+
       Total:                         660    620       16     
                                                              
    C:/ti/TivaWare_C_Series-2.1.4.178/driverlib/ccs/Debug/driverlib.lib
       sysctl.obj                     574    108       0      
       gpio.obj                       492    144       0      
       uart.obj                       132    0         0      
    +--+------------------------------+------+---------+---------+
       Total:                         1198   252       0      
                                                              
    C:\ti\ccs1250\ccs\tools\compiler\ti-cgt-arm_20.2.7.LTS\lib\rtsv7M4_T_le_v4SPD16_eabi.lib
       memcpy_t2.asm.obj              156    0         0      
       copy_decompress_lzss.c.obj     104    0         0      
       autoinit.c.obj                 68     0         0      
       boot_cortex_m.c.obj            52     0         0      
       copy_decompress_none.c.obj     14     0         0      
       exit.c.obj                     4      0         0      
       pre_init.c.obj                 4      0         0      
    +--+------------------------------+------+---------+---------+
       Total:                         402    0         0      
                                                              
       Stack:                         0      0         512    
       Linker Generated:              0      23        0      
    +--+------------------------------+------+---------+---------+
       Grand Total:                   2260   895       528    


LINKER GENERATED COPY TABLES

__TI_cinit_table @ 00000c58 records: 1, size/record: 8, table size: 8
	.data: load addr=00000c50, load size=00000007 bytes, run addr=20000200, run size=00000010 bytes, compression=lzss


LINKER GENERATED HANDLER TABLE

__TI_handler_table @ 00000c48 records: 2, size/record: 4, table size: 8
	index: 0, handler: __TI_decompress_lzss
	index: 1, handler: __TI_decompress_none


GLOBAL SYMBOLS: SORTED ALPHABETICALLY BY Name 

address   name                          
-------   ----                          
00000b43  C$$EXIT                       
00000a6d  GPIODirModeSet                
000004f5  GPIOPadConfigSet              
00000931  GPIOPinConfigure              
00000b2d  GPIOPinRead                   
00000ae5  GPIOPinTypeGPIOInput          
00000ab9  GPIOPinTypeGPIOOutput         
00000af7  GPIOPinTypeUART               
00000b33  GPIOPinWrite                  
00000b17  ResetISR                      
00000629  SysCtlClockGet                
00000739  SysCtlClockSet                
00000b39  SysCtlDelay                   
00000a05  SysCtlPeripheralEnable        
00000b23  UARTCharPut                   
00000979  UARTConfigSetExpClk           
00000a99  UARTDisable                   
00000ad1  UARTEnable                    
20000200  __STACK_END                   
00000200  __STACK_SIZE                  
20000200  __STACK_TOP                   
00000c58  __TI_CINIT_Base               
00000c60  __TI_CINIT_Limit              
00000c48  __TI_Handler_Table_Base       
00000c50  __TI_Handler_Table_Limit      
000009c1  __TI_auto_init_nobinit_nopinit
000008c9  __TI_decompress_lzss          
00000b09  __TI_decompress_none          
ffffffff  __TI_pprof_out_hndl           
ffffffff  __TI_prof_data_size           
ffffffff  __TI_prof_data_start          
00000000  __TI_static_base__            
0000082d  __aeabi_memcpy                
0000082d  __aeabi_memcpy4               
0000082d  __aeabi_memcpy8               
ffffffff  __binit__                     
ffffffff  __c_args__                    
UNDEFED   __mpu_init                    
20000000  __stack                       
20000000  __start___llvm_prf_cnts       
20000000  __stop___llvm_prf_cnts        
00000a39  _c_int00_noargs               
UNDEFED   _system_post_cinit            
00000b3f  _system_pre_init              
00000b43  abort                         
ffffffff  binit                         
00000000  g_pfnVectors                  
00000437  initGPIO                      
00000401  initUART5                     
0000026d  main                          
0000082d  memcpy                        
20000200  prevSensor1State              
20000204  prevSensor2State              
20000208  prevSensor3State              
2000020c  prevSensor4State              


GLOBAL SYMBOLS: SORTED BY Symbol Address 

address   name                          
-------   ----                          
00000000  __TI_static_base__            
00000000  g_pfnVectors                  
00000200  __STACK_SIZE                  
0000026d  main                          
00000401  initUART5                     
00000437  initGPIO                      
000004f5  GPIOPadConfigSet              
00000629  SysCtlClockGet                
00000739  SysCtlClockSet                
0000082d  __aeabi_memcpy                
0000082d  __aeabi_memcpy4               
0000082d  __aeabi_memcpy8               
0000082d  memcpy                        
000008c9  __TI_decompress_lzss          
00000931  GPIOPinConfigure              
00000979  UARTConfigSetExpClk           
000009c1  __TI_auto_init_nobinit_nopinit
00000a05  SysCtlPeripheralEnable        
00000a39  _c_int00_noargs               
00000a6d  GPIODirModeSet                
00000a99  UARTDisable                   
00000ab9  GPIOPinTypeGPIOOutput         
00000ad1  UARTEnable                    
00000ae5  GPIOPinTypeGPIOInput          
00000af7  GPIOPinTypeUART               
00000b09  __TI_decompress_none          
00000b17  ResetISR                      
00000b23  UARTCharPut                   
00000b2d  GPIOPinRead                   
00000b33  GPIOPinWrite                  
00000b39  SysCtlDelay                   
00000b3f  _system_pre_init              
00000b43  C$$EXIT                       
00000b43  abort                         
00000c48  __TI_Handler_Table_Base       
00000c50  __TI_Handler_Table_Limit      
00000c58  __TI_CINIT_Base               
00000c60  __TI_CINIT_Limit              
20000000  __stack                       
20000000  __start___llvm_prf_cnts       
20000000  __stop___llvm_prf_cnts        
20000200  __STACK_END                   
20000200  __STACK_TOP                   
20000200  prevSensor1State              
20000204  prevSensor2State              
20000208  prevSensor3State              
2000020c  prevSensor4State              
ffffffff  __TI_pprof_out_hndl           
ffffffff  __TI_prof_data_size           
ffffffff  __TI_prof_data_start          
ffffffff  __binit__                     
ffffffff  __c_args__                    
ffffffff  binit                         
UNDEFED   __mpu_init                    
UNDEFED   _system_post_cinit            

[55 symbols]
