Microchip MPLAB XC8 Compiler V2.41

Linker command line:

-W-3 \
  --edf=C:/Program Files/Microchip/MPLABX/v6.10/packs/Microchip/PIC16Fxxx_DFP/1.4.149/xc8\pic\dat\20230322214319_en.msgs \
  -cn -h+dist/default/production\LAB4_MASTER.X.production.sym \
  --cmf=dist/default/production\LAB4_MASTER.X.production.cmf -z -Q16F887 \
  -oC:\Users\rodri\AppData\Local\Temp\xcAsl34.\driver_tmp_3.o \
  --defsym=__MPLAB_BUILD=1 --fixupoverflow=error \
  -Mdist/default/production/LAB4_MASTER.X.production.map \
  --md=C:\Users\rodri\AppData\Local\Temp\xcAsl34.\driver_tmp_0.dat -E1 \
  -ver=XC8 Compiler --acfsm=1493 -ACODE=00h-07FFhx4 -ASTRCODE=00h-01FFFh \
  -ASTRING=00h-0FFhx32 -ACONST=00h-0FFhx32 -AENTRY=00h-0FFhx32 \
  -ACOMMON=070h-07Fh -ABANK0=020h-06Fh -ABANK1=0A0h-0EFh \
  -ABANK2=0110h-016Fh -ABANK3=0190h-01EFh \
  -ARAM=020h-06Fh,0A0h-0EFh,0110h-016Fh,0190h-01EFh \
  -AABS1=020h-07Fh,0A0h-0EFh,0110h-016Fh,0190h-01EFh -ASFR0=00h-01Fh \
  -ASFR1=080h-09Fh -ASFR2=0100h-010Fh -ASFR3=0180h-018Fh \
  -ACONFIG=02007h-02008h -DCONFIG=2 -AIDLOC=02000h-02003h -DIDLOC=2 \
  -AEEDATA=00h-0FFh/02100h -peeprom_data=EEDATA -DEEDATA=2 -DCODE=2 \
  -DSTRCODE=2 -DSTRING=2 -DCONST=2 -DENTRY=2 \
  -preset_vec=00h,intentry,init,end_init -ppowerup=CODE -pcinit=CODE \
  -pfunctab=ENTRY -k \
  C:\Users\rodri\AppData\Local\Temp\xcAsl34.\driver_tmp_17.o \
  dist/default/production\LAB4_MASTER.X.production.o 

Object code version is 3.11

Machine type is 16F887



                Name                               Link     Load   Length Selector   Space Scale
C:\Users\rodri\AppData\Local\Temp\xcAsl34.\driver_tmp_17.o
                end_init                              0        0        3        0       0
                config                             2007     2007        2        0       4
dist/default/production\LAB4_MASTER.X.production.o
                cinit                               7CD      7CD       33      F9A       0
                config                             2007     2007        2        0       4
                text38                             1A34     1A34        D     3468       0
                text37                             1AE8     1AE8       2E     35D0       0
                text36                             1A03     1A03        6     3406       0
                text35                             1A69     1A69       1A     34D2       0
                text34                             1A83     1A83       1C     3506       0
                text33                             1A53     1A53       16     34A6       0
                text32                             1BBE     1BBE       42     377C       0
                text31                             1DC4     1DC4       66     3B88       0
                text30                             1B4C     1B4C       38     3698       0
                text29                             1D6E     1D6E       56     3ADC       0
                text28                             1C00     1C00       43     3800       0
                text27                             1E2A     1E2A       67     3C54       0
                text26                             10C2     10C2       59     2184       0
                text25                             1B16     1B16       36     362C       0
                text24                             1A17     1A17        9     342E       0
                text23                             1A20     1A20        9     3440       0
                text22                             10B8     10B8        A     2170       0
                text21                               A6       A6       D3      14C       0
                text20                             1C87     1C87       45     390E       0
                text19                             1CCC     1CCC       4E     3998       0
                text18                                4        4       A2        8       0
                text17                             1A29     1A29        B     3452       0
                text16                             1326     1326      258     264C       0
                text15                             1A9F     1A9F       24     353E       0
                text14                              82A      82A       78     1054       0
                text13                             1D1A     1D1A       54     3A34       0
                text12                             1AC3     1AC3       25     3586       0
                text11                              8A2      8A2       BA     1144       0
                text10                             1F48     1F48       B8     3E90       0
                text9                              1E91     1E91       B7     3D22       0
                text8                               803      803       27     1006       0
                text7                               95C      95C      345     12B8       0
                text6                              1C43     1C43       44     3886       0
                text5                              1B84     1B84       3A     3708       0
                text4                              111B     111B      20B     2236       0
                text3                              1A41     1A41       12     3482       0
                text2                               CA1      CA1      35F     1942       0
                text1                               179      179      654      2F2       0
                maintext                           157E     157E      282     2AFC       0
                cstackBANK0                          20       20       4F       20       1
                cstackCOMMON                         70       70        E       70       1
                cstackBANK1                          A0       A0       28       A0       1
                clrtext                            1A0F     1A0F        8     341E       0
                dataBANK1                            EA       EA        6       A0       1
                bssBANK1                             C8       C8       22       A0       1
                strings                            1000     1000       B8     2000       0
                idataBANK1                         1A09     1A09        6     3412       0

TOTAL           Name                               Link     Load   Length     Space
        CLASS   CODE           
                end_init                              0        0        3         0
                cinit                               7CD      7CD       33         0
                text38                             1A34     1A34        D         0
                text37                             1AE8     1AE8       2E         0
                text36                             1A03     1A03        6         0
                text35                             1A69     1A69       1A         0
                text34                             1A83     1A83       1C         0
                text33                             1A53     1A53       16         0
                text32                             1BBE     1BBE       42         0
                text31                             1DC4     1DC4       66         0
                text30                             1B4C     1B4C       38         0
                text29                             1D6E     1D6E       56         0
                text28                             1C00     1C00       43         0
                text27                             1E2A     1E2A       67         0
                text26                             10C2     10C2       59         0
                text25                             1B16     1B16       36         0
                text24                             1A17     1A17        9         0
                text23                             1A20     1A20        9         0
                text22                             10B8     10B8        A         0
                text21                               A6       A6       D3         0
                text20                             1C87     1C87       45         0
                text19                             1CCC     1CCC       4E         0
                text18                                4        4       A2         0
                text17                             1A29     1A29        B         0
                text16                             1326     1326      258         0
                text15                             1A9F     1A9F       24         0
                text14                              82A      82A       78         0
                text13                             1D1A     1D1A       54         0
                text12                             1AC3     1AC3       25         0
                text11                              8A2      8A2       BA         0
                text10                             1F48     1F48       B8         0
                text9                              1E91     1E91       B7         0
                text8                               803      803       27         0
                text7                               95C      95C      345         0
                text6                              1C43     1C43       44         0
                text5                              1B84     1B84       3A         0
                text4                              111B     111B      20B         0
                text3                              1A41     1A41       12         0
                text2                               CA1      CA1      35F         0
                text1                               179      179      654         0
                maintext                           157E     157E      282         0
                clrtext                            1A0F     1A0F        8         0
                idataBANK1                         1A09     1A09        6         0

        CLASS   STRCODE        

        CLASS   STRING         
                strings                            1000     1000       B8         0

        CLASS   CONST          

        CLASS   ENTRY          

        CLASS   COMMON         
                cstackCOMMON                         70       70        E         1

        CLASS   BANK0          
                cstackBANK0                          20       20       4F         1

        CLASS   BANK1          
                cstackBANK1                          A0       A0       28         1
                dataBANK1                            EA       EA        6         1
                bssBANK1                             C8       C8       22         1

        CLASS   BANK2          

        CLASS   BANK3          

        CLASS   RAM            

        CLASS   ABS1           
                abs_s1                               7E       7E        2         1

        CLASS   SFR0           

        CLASS   SFR1           

        CLASS   SFR2           

        CLASS   SFR3           

        CLASS   CONFIG         
                config                             2007     2007        2         4

        CLASS   IDLOC          

        CLASS   EEDATA         

        CLASS   STACK          



SEGMENTS        Name                           Load    Length   Top    Selector   Space  Class     Delta

                reset_vec                      000000  000003  000003         0       0  CODE        2
                text18                         000004  0000A2  0000A6         8       0  CODE        2
                cstackBANK0                    000020  00004F  00006F        20       1  BANK0       1
                cstackCOMMON                   000070  00000E  00007E        70       1  COMMON      1
                cstackBANK1                    0000A0  000050  0000F0        A0       1  BANK1       1
                text21                         0000A6  0000D3  000179       14C       0  CODE        2
                text1                          000179  000654  0007CD       2F2       0  CODE        2
                cinit                          0007CD  000033  000800       F9A       0  CODE        2
                text8                          000803  000027  00082A      1006       0  CODE        2
                text14                         00082A  000078  0008A2      1054       0  CODE        2
                text11                         0008A2  0000BA  00095C      1144       0  CODE        2
                text7                          00095C  000345  000CA1      12B8       0  CODE        2
                text2                          000CA1  00035F  001000      1942       0  CODE        2
                strings                        001000  0000B8  0010B8      2000       0  STRING      2
                text22                         0010B8  00000A  0010C2      2170       0  CODE        2
                text26                         0010C2  000059  00111B      2184       0  CODE        2
                text4                          00111B  00020B  001326      2236       0  CODE        2
                text16                         001326  000258  00157E      264C       0  CODE        2
                maintext                       00157E  000282  001800      2AFC       0  CODE        2
                text36                         001A03  000006  001A09      3406       0  CODE        2
                idataBANK1                     001A09  000006  001A0F      3412       0  CODE        2
                clrtext                        001A0F  000008  001A17      341E       0  CODE        2
                text24                         001A17  000009  001A20      342E       0  CODE        2
                text23                         001A20  000009  001A29      3440       0  CODE        2
                text17                         001A29  00000B  001A34      3452       0  CODE        2
                text38                         001A34  00000D  001A41      3468       0  CODE        2
                text3                          001A41  000012  001A53      3482       0  CODE        2
                text33                         001A53  000016  001A69      34A6       0  CODE        2
                text35                         001A69  00001A  001A83      34D2       0  CODE        2
                text34                         001A83  00001C  001A9F      3506       0  CODE        2
                text15                         001A9F  000024  001AC3      353E       0  CODE        2
                text12                         001AC3  000025  001AE8      3586       0  CODE        2
                text37                         001AE8  00002E  001B16      35D0       0  CODE        2
                text25                         001B16  000036  001B4C      362C       0  CODE        2
                text30                         001B4C  000038  001B84      3698       0  CODE        2
                text5                          001B84  00003A  001BBE      3708       0  CODE        2
                text32                         001BBE  000042  001C00      377C       0  CODE        2
                text28                         001C00  000043  001C43      3800       0  CODE        2
                text6                          001C43  000044  001C87      3886       0  CODE        2
                text20                         001C87  000045  001CCC      390E       0  CODE        2
                text19                         001CCC  00004E  001D1A      3998       0  CODE        2
                text13                         001D1A  000054  001D6E      3A34       0  CODE        2
                text29                         001D6E  000056  001DC4      3ADC       0  CODE        2
                text31                         001DC4  000066  001E2A      3B88       0  CODE        2
                text27                         001E2A  000067  001E91      3C54       0  CODE        2
                text9                          001E91  0000B7  001F48      3D22       0  CODE        2
                text10                         001F48  0000B8  002000      3E90       0  CODE        2


UNUSED ADDRESS RANGES

        Name                Unused          Largest block    Delta
        BANK0            006F-006F              1           1
        BANK2            0110-016F             60           1
        BANK3            0190-01EF             60           1
        CODE             0003-0003              1           2
                         0800-0802              3
                         1800-1A02            203
        CONST            0003-0003              1           2
                         0800-0802              3
                         1800-1A02            100
        EEDATA           2100-21FF            100           2
        ENTRY            0003-0003              1           2
                         0800-0802              3
                         1800-1A02            100
        IDLOC            2000-2003              4           2
        RAM              006F-006F              1           1
                         0110-016F             60
                         0190-01EF             60
        SFR0             0000-001F             20           1
        SFR1             0080-009F             20           1
        SFR2             0100-010F             10           1
        SFR3             0180-018F             10           1
        STRCODE          0003-0003              1           2
                         0800-0802              3
                         1800-1A02            203
        STRING           0003-0003              1           2
                         0800-0802              3
                         1800-1A02            100

                                  Symbol Table

?_DEC_A_BCD                cstackBANK0  0020
?_I2C_Master_Read          cstackCOMMON 0070
?__Umul8_16                cstackCOMMON 0070
?___awdiv                  cstackCOMMON 0076
?___awmod                  cstackCOMMON 0070
?___fladd                  cstackBANK0  004E
?___flmul                  cstackBANK0  0020
?___flneg                  cstackCOMMON 0070
?___flsub                  cstackBANK0  0062
?___fltol                  cstackBANK0  004D
?___lldiv                  cstackCOMMON 0070
?___llmod                  cstackCOMMON 0070
?___lwdiv                  cstackCOMMON 0075
?___lwmod                  cstackCOMMON 0070
?___wmul                   cstackCOMMON 0070
?___xxtofl                 cstackCOMMON 0076
?__div_to_l_               cstackCOMMON 0070
?__tdiv_to_l_              cstackCOMMON 0070
?_fround                   cstackBANK0  003A
?_scale                    cstackBANK0  003A
?_sprintf                  cstackBANK0  006A
DEC_A_BCD@convertir        cstackBANK0  0020
I2C_Master_Init@c          cstackBANK0  0020
I2C_Master_Read@a          cstackCOMMON 0070
I2C_Master_Read@temp       cstackCOMMON 0074
I2C_Master_Write@d         cstackBANK0  0024
Lcd_Cmd@a                  cstackCOMMON 0073
Lcd_Port@a                 cstackCOMMON 0070
Lcd_Set_Cursor@a           cstackCOMMON 0075
Lcd_Set_Cursor@b           cstackCOMMON 0074
Lcd_Write_Char@a           cstackCOMMON 0072
Lcd_Write_String@a         cstackCOMMON 0073
Lcd_Write_String@i         cstackCOMMON 0078
_ANSEL                     (abs)        0188
_ANSELH                    (abs)        0189
_DEC_A_BCD                 text25       1B16
_GIE                       (abs)        005F
_I2C_Master_Init           text30       1B4C
_I2C_Master_Read           text37       1AE8
_I2C_Master_Start          text24       1A17
_I2C_Master_Stop           text23       1A20
_I2C_Master_Wait           text38       1A34
_I2C_Master_Write          text22       10B8
_IOCBbits                  (abs)        0096
_Lcd_Cmd                   text35       1A69
_Lcd_Init                  text29       1D6E
_Lcd_Port                  text36       1A03
_Lcd_Set_Cursor            text34       1A83
_Lcd_Write_Char            text33       1A53
_Lcd_Write_String          text32       1BBE
_OPTION_REGbits            (abs)        0081
_PEIE                      (abs)        005E
_PORTA                     (abs)        0005
_PORTB                     (abs)        0006
_PORTBbits                 (abs)        0006
_PORTD                     (abs)        0008
_PORTE                     (abs)        0009
_RE0                       (abs)        0048
_RE1                       (abs)        0049
_SSPADD                    (abs)        0093
_SSPBUF                    (abs)        0013
_SSPCON                    (abs)        0014
_SSPCON2                   (abs)        0091
_SSPCON2bits               (abs)        0091
_SSPIE                     (abs)        0463
_SSPIF                     (abs)        0063
_SSPSTAT                   (abs)        0094
_TRISA                     (abs)        0085
_TRISB                     (abs)        0086
_TRISC3                    (abs)        043B
_TRISC4                    (abs)        043C
_TRISCbits                 (abs)        0087
_TRISD                     (abs)        0088
_TRISE                     (abs)        0089
_WPUBbits                  (abs)        0095
__H__absolute__            __absolute__ 0000
__Habs1                    abs1         0000
__Hbank0                   bank0        0000
__Hbank1                   bank1        0000
__Hbank2                   bank2        0000
__Hbank3                   bank3        0000
__HbssBANK1                bssBANK1     0000
__Hcinit                   cinit        0800
__Hclrtext                 clrtext      0000
__Hcode                    code         0000
__Hcommon                  common       0000
__Hconfig                  config       2009
__HcstackBANK0             cstackBANK0  0000
__HcstackBANK1             cstackBANK1  0000
__HcstackCOMMON            cstackCOMMON 0000
__HdataBANK1               dataBANK1    0000
__Heeprom_data             eeprom_data  0000
__Hend_init                end_init     0003
__Hfunctab                 functab      0000
__HidataBANK1              idataBANK1   0000
__Hinit                    init         0000
__Hintentry                intentry     0000
__Hmaintext                maintext     0000
__Hpowerup                 powerup      0000
__Hram                     ram          0000
__Hreset_vec               reset_vec    0000
__Hsfr0                    sfr0         0000
__Hsfr1                    sfr1         0000
__Hsfr2                    sfr2         0000
__Hsfr3                    sfr3         0000
__Hspace_0                 (abs)        2000
__Hspace_1                 (abs)        00F0
__Hspace_2                 (abs)        0000
__Hspace_3                 (abs)        0000
__Hspace_4                 (abs)        4010
__Hstack                   stack        0000
__Hstrings                 strings      0000
__Htext                    text         0000
__L__absolute__            __absolute__ 0000
__Labs1                    abs1         0000
__Lbank0                   bank0        0000
__Lbank1                   bank1        0000
__Lbank2                   bank2        0000
__Lbank3                   bank3        0000
__LbssBANK1                bssBANK1     0000
__Lcinit                   cinit        07CD
__Lclrtext                 clrtext      0000
__Lcode                    code         0000
__Lcommon                  common       0000
__Lconfig                  config       0000
__LcstackBANK0             cstackBANK0  0000
__LcstackBANK1             cstackBANK1  0000
__LcstackCOMMON            cstackCOMMON 0000
__LdataBANK1               dataBANK1    0000
__Leeprom_data             eeprom_data  0000
__Lend_init                end_init     0000
__Lfunctab                 functab      0000
__LidataBANK1              idataBANK1   0000
__Linit                    init         0000
__Lintentry                intentry     0000
__Lmaintext                maintext     0000
__Lpowerup                 powerup      0000
__Lram                     ram          0000
__Lreset_vec               reset_vec    0000
__Lsfr0                    sfr0         0000
__Lsfr1                    sfr1         0000
__Lsfr2                    sfr2         0000
__Lsfr3                    sfr3         0000
__Lspace_0                 (abs)        0000
__Lspace_1                 (abs)        0000
__Lspace_2                 (abs)        0000
__Lspace_3                 (abs)        0000
__Lspace_4                 (abs)        0000
__Lstack                   stack        0000
__Lstrings                 strings      0000
__Ltext                    text         0000
__S0                       (abs)        2000
__S1                       (abs)        00F0
__S3                       (abs)        0000
__Umul8_16                 text8        0803
__Umul8_16@multiplicand    cstackCOMMON 0070
__Umul8_16@multiplier      cstackCOMMON 0078
__Umul8_16@product         cstackCOMMON 0074
__Umul8_16@word_mpld       cstackCOMMON 0076
___awdiv                   text27       1E2A
___awdiv@counter           cstackCOMMON 007A
___awdiv@dividend          cstackCOMMON 0078
___awdiv@divisor           cstackCOMMON 0076
___awdiv@quotient          cstackCOMMON 007C
___awdiv@sign              cstackCOMMON 007B
___awmod                   text26       10C2
___awmod@counter           cstackCOMMON 0074
___awmod@dividend          cstackCOMMON 0072
___awmod@divisor           cstackCOMMON 0070
___awmod@sign              cstackCOMMON 0075
___fladd                   text16       1326
___fladd@a                 cstackBANK0  0052
___fladd@aexp              cstackBANK0  005F
___fladd@b                 cstackBANK0  004E
___fladd@bexp              cstackBANK0  0060
___fladd@grs               cstackBANK0  0061
___fladd@signs             cstackBANK0  005E
___fleq                    text19       1CCC
___fleq@ff1                cstackCOMMON 0070
___fleq@ff2                cstackCOMMON 0074
___flge                    text18       0004
___flge@ff1                cstackCOMMON 0070
___flge@ff2                cstackCOMMON 0074
___flmul                   text7        095C
___flmul@a                 cstackBANK0  0024
___flmul@aexp              cstackBANK0  0032
___flmul@b                 cstackBANK0  0020
___flmul@bexp              cstackBANK0  0033
___flmul@grs               cstackBANK0  002E
___flmul@prod              cstackBANK0  0034
___flmul@sign              cstackBANK0  002D
___flmul@temp              cstackBANK0  0038
___flneg                   text17       1A29
___flneg@f1                cstackCOMMON 0070
___flsub                   text15       1A9F
___flsub@a                 cstackBANK0  0062
___flsub@b                 cstackBANK0  0066
___fltol                   text14       082A
___fltol@exp1              cstackBANK0  0056
___fltol@f1                cstackBANK0  004D
___fltol@sign1             cstackBANK0  0055
___int_sp                  stack        0000
___latbits                 (abs)        0002
___lldiv                   text31       1DC4
___lldiv@counter           cstackCOMMON 007D
___lldiv@dividend          cstackCOMMON 0074
___lldiv@divisor           cstackCOMMON 0070
___lldiv@quotient          cstackCOMMON 0079
___llmod                   text13       1D1A
___llmod@counter           cstackCOMMON 0079
___llmod@dividend          cstackCOMMON 0074
___llmod@divisor           cstackCOMMON 0070
___lwdiv                   text6        1C43
___lwdiv@counter           cstackCOMMON 007B
___lwdiv@dividend          cstackCOMMON 0077
___lwdiv@divisor           cstackCOMMON 0075
___lwdiv@quotient          cstackCOMMON 0079
___lwmod                   text5        1B84
___lwmod@counter           cstackCOMMON 0074
___lwmod@dividend          cstackCOMMON 0072
___lwmod@divisor           cstackCOMMON 0070
___sp                      stack        0000
___stackhi                 (abs)        0000
___stacklo                 (abs)        0000
___wmul                    text12       1AC3
___wmul@multiplicand       cstackCOMMON 0072
___wmul@multiplier         cstackCOMMON 0070
___wmul@product            cstackCOMMON 0074
___xxtofl                  text11       08A2
___xxtofl@arg              cstackBANK0  0022
___xxtofl@exp              cstackBANK0  0021
___xxtofl@sign             cstackBANK0  0020
___xxtofl@val              cstackCOMMON 0076
__div_to_l_                text10       1F48
__div_to_l_@cntr           cstackBANK0  0024
__div_to_l_@exp1           cstackBANK0  0025
__div_to_l_@f1             cstackCOMMON 0070
__div_to_l_@f2             cstackCOMMON 0074
__div_to_l_@quot           cstackBANK0  0020
__end_of_DEC_A_BCD         text25       1B4C
__end_of_I2C_Master_Init   text30       1B84
__end_of_I2C_Master_Read   text37       1B16
__end_of_I2C_Master_Start  text24       1A20
__end_of_I2C_Master_Stop   text23       1A29
__end_of_I2C_Master_Wait   text38       1A41
__end_of_I2C_Master_Write  text22       10C2
__end_of_Lcd_Cmd           text35       1A83
__end_of_Lcd_Init          text29       1DC4
__end_of_Lcd_Port          text36       1A09
__end_of_Lcd_Set_Cursor    text34       1A9F
__end_of_Lcd_Write_Char    text33       1A69
__end_of_Lcd_Write_String  text32       1C00
__end_of__Umul8_16         text8        082A
__end_of___awdiv           text27       1E91
__end_of___awmod           text26       111B
__end_of___fladd           text16       157E
__end_of___fleq            text19       1D1A
__end_of___flge            text18       00A6
__end_of___flmul           text7        0CA1
__end_of___flneg           text17       1A34
__end_of___flsub           text15       1AC3
__end_of___fltol           text14       08A2
__end_of___lldiv           text31       1E2A
__end_of___llmod           text13       1D6E
__end_of___lwdiv           text6        1C87
__end_of___lwmod           text5        1BBE
__end_of___wmul            text12       1AE8
__end_of___xxtofl          text11       095C
__end_of__div_to_l_        text10       2000
__end_of__initialization   cinit        07FC
__end_of__npowers_         strings      1078
__end_of__powers_          strings      1044
__end_of__stringtab        strings      1010
__end_of__tdiv_to_l_       text9        1F48
__end_of_dpowers           strings      10A0
__end_of_fround            text4        1326
__end_of_ioc_init          text28       1C43
__end_of_isdigit           text3        1A53
__end_of_main              maintext     1800
__end_of_scale             text2        1000
__end_of_setear_dia_tiempo text21       0179
__end_of_setup             text20       1CCC
__end_of_sprintf           text1        07CD
__initialization           cinit        07CD
__npowers_                 strings      1044
__pbssBANK1                bssBANK1     00C8
__pcstackBANK0             cstackBANK0  0020
__pcstackBANK1             cstackBANK1  00A0
__pcstackCOMMON            cstackCOMMON 0070
__pdataBANK1               dataBANK1    00EA
__pidataBANK1              idataBANK1   1A09
__pmaintext                maintext     157E
__powers_                  strings      1010
__pstrings                 strings      1000
__ptext1                   text1        0179
__ptext10                  text10       1F48
__ptext11                  text11       08A2
__ptext12                  text12       1AC3
__ptext13                  text13       1D1A
__ptext14                  text14       082A
__ptext15                  text15       1A9F
__ptext16                  text16       1326
__ptext17                  text17       1A29
__ptext18                  text18       0004
__ptext19                  text19       1CCC
__ptext2                   text2        0CA1
__ptext20                  text20       1C87
__ptext21                  text21       00A6
__ptext22                  text22       10B8
__ptext23                  text23       1A20
__ptext24                  text24       1A17
__ptext25                  text25       1B16
__ptext26                  text26       10C2
__ptext27                  text27       1E2A
__ptext28                  text28       1C00
__ptext29                  text29       1D6E
__ptext3                   text3        1A41
__ptext30                  text30       1B4C
__ptext31                  text31       1DC4
__ptext32                  text32       1BBE
__ptext33                  text33       1A53
__ptext34                  text34       1A83
__ptext35                  text35       1A69
__ptext36                  text36       1A03
__ptext37                  text37       1AE8
__ptext38                  text38       1A34
__ptext4                   text4        111B
__ptext5                   text5        1B84
__ptext6                   text6        1C43
__ptext7                   text7        095C
__ptext8                   text8        0803
__ptext9                   text9        1E91
__stringbase               strings      100F
__stringtab                strings      1000
__tdiv_to_l_               text9        1E91
__tdiv_to_l_@cntr          cstackBANK0  0024
__tdiv_to_l_@exp1          cstackBANK0  0025
__tdiv_to_l_@f1            cstackCOMMON 0070
__tdiv_to_l_@f2            cstackCOMMON 0074
__tdiv_to_l_@quot          cstackBANK0  0020
_dia                       dataBANK1    00EE
_dpowers                   strings      1078
_fround                    text4        111B
_fround$1073               cstackBANK0  0049
_fround$1074               cstackBANK0  0045
_hora                      bssBANK1     00D0
_ioc_init                  text28       1C00
_isdigit                   text3        1A41
_isdigit$863               cstackCOMMON 0070
_main                      maintext     157E
_mes                       dataBANK1    00EC
_min                       bssBANK1     00D2
_pot                       bssBANK1     00CC
_scale                     text2        0CA1
_scale$1075                cstackBANK0  0048
_sec                       bssBANK1     00D4
_setear_dia_tiempo         text21       00A6
_setup                     text20       1C87
_sprintf                   text1        0179
_sprintf$1076              cstackBANK1  00A5
_valor                     bssBANK1     00D6
_year                      dataBANK1    00EA
btemp                      (abs)        007E
clear_ram0                 clrtext      1A0F
end_of_initialization      cinit        07FC
fround@prec                cstackBANK0  004D
intlevel0                  functab      0000
intlevel1                  functab      0000
intlevel2                  functab      0000
intlevel3                  functab      0000
intlevel4                  functab      0000
intlevel5                  functab      0000
ioc_init@pin               cstackCOMMON 0072
isdigit@c                  cstackCOMMON 0071
main@dia_0                 cstackBANK1  00C2
main@dia_1                 cstackBANK1  00C3
main@mes_0                 cstackBANK1  00C4
main@mes_1                 cstackBANK1  00C5
main@year_0                cstackBANK1  00C6
main@year_1                cstackBANK1  00C7
reset_vec                  reset_vec    0000
scale@scl                  cstackBANK0  004C
sprintf@ap                 cstackBANK1  00A9
sprintf@c                  cstackBANK1  00BD
sprintf@eexp               cstackBANK1  00B0
sprintf@f                  cstackBANK0  006A
sprintf@flag               cstackBANK1  00AA
sprintf@fval               cstackBANK1  00B9
sprintf@prec               cstackBANK1  00B7
sprintf@sp                 cstackBANK1  00B6
sprintf@tmpval             cstackBANK1  00B2
sprintf@val                cstackBANK1  00AC
start                      init         0000
start_initialization       cinit        07CD
wtemp0                     (abs)        007E


MODULE INFORMATION

Module		Function		Class		Link	Load	Size
C:\Program Files\Microchip\xc8\v2.41\pic\sources\c90\common\sprcmul.c
		___flmul       		CODE           	095C	0000	837

C:\Program Files\Microchip\xc8\v2.41\pic\sources\c90\common\sprcmul.c estimated size: 837

C:\Program Files\Microchip\xc8\v2.41\pic\sources\c90\common\flge.c
		___flge        		CODE           	0004	0000	162

C:\Program Files\Microchip\xc8\v2.41\pic\sources\c90\common\flge.c estimated size: 162

C:\Program Files\Microchip\xc8\v2.41\pic\sources\c90\common\ftdivl.c
		__tdiv_to_l_   		CODE           	1E91	0000	183

C:\Program Files\Microchip\xc8\v2.41\pic\sources\c90\common\ftdivl.c estimated size: 183

C:\Program Files\Microchip\xc8\v2.41\pic\sources\c90\common\Umul16.c
		___wmul        		CODE           	1AC3	0000	37

C:\Program Files\Microchip\xc8\v2.41\pic\sources\c90\common\Umul16.c estimated size: 37

C:\Program Files\Microchip\xc8\v2.41\pic\sources\c90\common\lwdiv.c
		___lwdiv       		CODE           	1C43	0000	68

C:\Program Files\Microchip\xc8\v2.41\pic\sources\c90\common\lwdiv.c estimated size: 68

C:\Program Files\Microchip\xc8\v2.41\pic\sources\c90\common\awdiv.c
		___awdiv       		CODE           	1E2A	0000	103

C:\Program Files\Microchip\xc8\v2.41\pic\sources\c90\common\awdiv.c estimated size: 103

C:\Program Files\Microchip\xc8\v2.41\pic\sources\c90\common\fltol.c
		___fltol       		CODE           	082A	0000	120

C:\Program Files\Microchip\xc8\v2.41\pic\sources\c90\common\fltol.c estimated size: 120

LCD8bits.c
		_Lcd_Write_String		CODE           	1BBE	0000	66
		_Lcd_Init      		CODE           	1D6E	0000	86
		_Lcd_Write_Char		CODE           	1A53	0000	22
		_Lcd_Cmd       		CODE           	1A69	0000	26
		_Lcd_Set_Cursor		CODE           	1A83	0000	28
		_Lcd_Port      		CODE           	1A03	0000	6

LCD8bits.c estimated size: 234

iocb.c
		_ioc_init      		CODE           	1C00	0000	67

iocb.c estimated size: 67

C:\Program Files\Microchip\xc8\v2.41\pic\sources\c90\common\__lldiv.c
		___lldiv       		CODE           	1DC4	0000	102

C:\Program Files\Microchip\xc8\v2.41\pic\sources\c90\common\__lldiv.c estimated size: 102

I2C.c
		_I2C_Master_Read		CODE           	1AE8	0000	46
		_I2C_Master_Wait		CODE           	1A34	0000	13
		_I2C_Master_Init		CODE           	1B4C	0000	56
		_I2C_Master_Stop		CODE           	1A20	0000	9
		_I2C_Master_Write		CODE           	10B8	0000	10
		_I2C_Master_Start		CODE           	1A17	0000	9

I2C.c estimated size: 143

C:\Program Files\Microchip\xc8\v2.41\pic\sources\c90\common\isdigit.c
		_isdigit       		CODE           	1A41	0000	18

C:\Program Files\Microchip\xc8\v2.41\pic\sources\c90\common\isdigit.c estimated size: 18

C:\Program Files\Microchip\xc8\v2.41\pic\sources\c90\common\sprcadd.c
		___flsub       		CODE           	1A9F	0000	36
		___fladd       		CODE           	1326	0000	600

C:\Program Files\Microchip\xc8\v2.41\pic\sources\c90\common\sprcadd.c estimated size: 636

C:\Program Files\Microchip\xc8\v2.41\pic\sources\c90\common\fldivl.c
		__div_to_l_    		CODE           	1F48	0000	184

C:\Program Files\Microchip\xc8\v2.41\pic\sources\c90\common\fldivl.c estimated size: 184

C:\Program Files\Microchip\xc8\v2.41\pic\sources\c90\common\fleq.c
		___fleq        		CODE           	1CCC	0000	78

C:\Program Files\Microchip\xc8\v2.41\pic\sources\c90\common\fleq.c estimated size: 78

C:\Program Files\Microchip\xc8\v2.41\pic\sources\c90\common\xxtofl.c
		___xxtofl      		CODE           	08A2	0000	186

C:\Program Files\Microchip\xc8\v2.41\pic\sources\c90\common\xxtofl.c estimated size: 186

C:\Program Files\Microchip\xc8\v2.41\pic\sources\c90\common\flneg.c
		___flneg       		CODE           	1A29	0000	11

C:\Program Files\Microchip\xc8\v2.41\pic\sources\c90\common\flneg.c estimated size: 11

shared
		__stringtab    		STRING         	1000	0000	16
		__powers_      		STRING         	1010	0000	52
		_dpowers       		STRING         	1078	0000	40
		__npowers_     		STRING         	1044	0000	52
		__initialization		CODE           	07CD	0000	47

shared estimated size: 207

C:\Program Files\Microchip\xc8\v2.41\pic\sources\c90\common\Umul8_16.c
		__Umul8_16     		CODE           	0803	0000	39

C:\Program Files\Microchip\xc8\v2.41\pic\sources\c90\common\Umul8_16.c estimated size: 39

C:\Program Files\Microchip\xc8\v2.41\pic\sources\c90\common\doprnt.c
		_scale         		CODE           	0CA1	0000	863
		_sprintf       		CODE           	0179	0000	1620
		_fround        		CODE           	111B	0000	523

C:\Program Files\Microchip\xc8\v2.41\pic\sources\c90\common\doprnt.c estimated size: 3006

C:\Program Files\Microchip\xc8\v2.41\pic\sources\c90\common\lwmod.c
		___lwmod       		CODE           	1B84	0000	58

C:\Program Files\Microchip\xc8\v2.41\pic\sources\c90\common\lwmod.c estimated size: 58

C:\Program Files\Microchip\xc8\v2.41\pic\sources\c90\common\awmod.c
		___awmod       		CODE           	10C2	0000	89

C:\Program Files\Microchip\xc8\v2.41\pic\sources\c90\common\awmod.c estimated size: 89

main.c
		_main          		CODE           	157E	0000	642
		_DEC_A_BCD     		CODE           	1B16	0000	54
		_setear_dia_tiempo		CODE           	00A6	0000	211
		_setup         		CODE           	1C87	0000	69

main.c estimated size: 976

C:\Program Files\Microchip\xc8\v2.41\pic\sources\c90\common\llmod.c
		___llmod       		CODE           	1D1A	0000	84

C:\Program Files\Microchip\xc8\v2.41\pic\sources\c90\common\llmod.c estimated size: 84

